Renesas Optimizing Linker (W1.00.00 )             28-Jan-2017 03:42:19

*** Options ***

-subcommand=LinkerSubCommand.tmp
-input="./micrium/BSP/bsp.obj"
-input="./micrium/BSP/bsp_int_vect_tbl.obj"
-input="./micrium/BSP/bsp_sys.obj"
-input="./micrium/BSP/cpu_bsp.obj"
-input="./micrium/BSP/os_bsp.obj"
-input="./micrium/uC-CPU/cpu_core.obj"
-input="./micrium/uC-LIB/lib_ascii.obj"
-input="./micrium/uC-LIB/lib_math.obj"
-input="./micrium/uC-LIB/lib_mem.obj"
-input="./micrium/uC-LIB/lib_str.obj"
-input="./micrium/uCOS-III/Ports/Renesas/RX/RXC/os_cpu_a.obj"
-input="./micrium/uCOS-III/Ports/Renesas/RX/RXC/os_cpu_c.obj"
-input="./micrium/uCOS-III/Source/os_cfg_app.obj"
-input="./micrium/uCOS-III/Source/os_core.obj"
-input="./micrium/uCOS-III/Source/os_dbg.obj"
-input="./micrium/uCOS-III/Source/os_flag.obj"
-input="./micrium/uCOS-III/Source/os_int.obj"
-input="./micrium/uCOS-III/Source/os_mem.obj"
-input="./micrium/uCOS-III/Source/os_msg.obj"
-input="./micrium/uCOS-III/Source/os_mutex.obj"
-input="./micrium/uCOS-III/Source/os_pend_multi.obj"
-input="./micrium/uCOS-III/Source/os_prio.obj"
-input="./micrium/uCOS-III/Source/os_q.obj"
-input="./micrium/uCOS-III/Source/os_sem.obj"
-input="./micrium/uCOS-III/Source/os_stat.obj"
-input="./micrium/uCOS-III/Source/os_task.obj"
-input="./micrium/uCOS-III/Source/os_tick.obj"
-input="./micrium/uCOS-III/Source/os_time.obj"
-input="./micrium/uCOS-III/Source/os_tmr.obj"
-input="./micrium/uCOS-III/Source/os_var.obj"
-input="./r_bsp/board/rdkrx63n/dbsct.obj"
-input="./r_bsp/board/rdkrx63n/hwsetup.obj"
-input="./r_bsp/board/rdkrx63n/lowlvl.obj"
-input="./r_bsp/board/rdkrx63n/lowsrc.obj"
-input="./r_bsp/board/rdkrx63n/resetprg.obj"
-input="./r_bsp/board/rdkrx63n/sbrk.obj"
-input="./r_bsp/board/rdkrx63n/vecttbl.obj"
-input="./r_bsp/mcu/all/r_bsp_common.obj"
-input="./r_bsp/mcu/rx63n/cpu.obj"
-input="./r_bsp/mcu/rx63n/locking.obj"
-input="./r_bsp/mcu/rx63n/mcu_clocks.obj"
-input="./r_bsp/mcu/rx63n/mcu_init.obj"
-input="./r_bsp/mcu/rx63n/mcu_interrupts.obj"
-input="./r_bsp/mcu/rx63n/mcu_locks.obj"
-input="./src/main.obj"
-input="./src/rtos_launcher.obj"
-start=SU,SI,B_1,R_1,B_2,R_2,B,R/04,C_1,C_2,C,C$*,D*,W*,L,P*/0FFF00000,FIXEDVECT/0FFFFFF80
-library=C:\Users\Miguel\E2_STU~1\WORKSP~1\RTOS1\HARDWA~2\RTOS1.lib
-noprelink
-list=RTOS1.map
-show
-nooptimize
-debug
-output=C:\Users\Miguel\e2_studio\workspace\RTOS1\HardwareDebug\RTOS1.abs
-rom=D=R,D_1=R_1,D_2=R_2
-nocompress
-vect=_undefined_interrupt_source_isr
-nomessage
-nologo

*** Error information ***

*** Mapping List ***

SECTION                            START      END         SIZE   ALIGN

SU
                                  00000004  00001003      1000   4
SI
                                  00001004  00001403       400   4
B_1
                                  00001404  00006445      5042   1
R_1
                                  00006446  00006496        51   1
B_2
                                  00006498  000064c9        32   2
R_2
                                  000064ca  000064ca         0   1
B
                                  000064cc  000082e7      1e1c   4
R
                                  000082e8  0000894f       668   4
C_1
                                  fff00000  fff001fb       1fc   1
C_2
                                  fff001fc  fff00435       23a   2
C
                                  fff00438  fff00743       30c   4
C$DSEC
                                  fff00744  fff00767        24   4
C$BSEC
                                  fff00768  fff0077f        18   4
C$VECT
                                  fff00780  fff00b7f       400   4
D
                                  fff00b80  fff011e7       668   4
D_1
                                  fff011e8  fff01238        51   1
D_2
                                  fff01239  fff01239         0   1
W
                                  fff01239  fff01239         0   1
W_1
                                  fff01239  fff01239         0   1
W_2
                                  fff01239  fff01239         0   1
L
                                  fff0123c  fff013ec       1b1   4
P
                                  fff013ed  fff0a1b8      8dcc   1
FIXEDVECT
                                  ffffff80  ffffffff        80   4

*** Symbol List ***

SECTION=
FILE=                               START        END    SIZE
  SYMBOL                            ADDR        SIZE    INFO      COUNTS  OPT

SECTION=SU
FILE=.\r_bsp\board\rdkrx63n\resetprg.obj
                                  00000004  00001003      1000

SECTION=SI
FILE=.\r_bsp\board\rdkrx63n\resetprg.obj
                                  00001004  00001403       400

SECTION=B_1
FILE=.\micrium\uC-CPU\cpu_core.obj
                                  00001404  00001413        10
  _CPU_Name
                                  00001404        10   data ,g         3
FILE=.\micrium\uC-LIB\lib_mem.obj
                                  00001414  00006413      5000
  _Mem_Heap
                                  00001414      5000   data ,g         1
FILE=.\micrium\uCOS-III\Source\os_var.obj
                                  00006414  0000641d         a
  _OSIntNestingCtr
                                  00006414         1   data ,g         4
  _OSRunning
                                  00006415         1   data ,g         7
  _OSPrioCur
                                  00006416         1   data ,g         7
  _OSPrioHighRdy
                                  00006417         1   data ,g         5
  _OSPrioSaved
                                  00006418         1   data ,g         1
  _OSSchedLockNestingCtr
                                  00006419         1   data ,g        12
  _OSSchedRoundRobinEn
                                  0000641a         1   data ,g         4
  _OSStatResetFlag
                                  0000641b         1   data ,g         3
  _OSStatTaskRdy
                                  0000641c         1   data ,g         3
  _OSTaskRegNextAvailID
                                  0000641d         1   data ,g         2
FILE=.\r_bsp\board\rdkrx63n\lowsrc.obj
                                  0000641e  00006445        28
  _flmod
                                  0000641e        14   data ,g         3
  _sml_buf
                                  00006432        14   data ,g         0

SECTION=R_1
FILE=xfiles
                                  00006446  00006495        50
  _ebuf
                                  00006446        50   data ,l         5
FILE=xstate
                                  00006496  00006496         1
  __Mbcurmax
                                  00006496         1   data ,g         1

SECTION=B_2
FILE=.\micrium\uC-CPU\cpu_core.obj
                                  00006498  000064a7        10
  _CPU_TS_32_TmrPrev
                                  00006498         2   data ,g         2
  _CPU_IntDisMeasCtr
                                  0000649a         2   data ,g         2
  _CPU_IntDisNestCtr
                                  0000649c         2   data ,g         3
  _CPU_IntDisMeasStart_cnts
                                  0000649e         2   data ,g         3
  _CPU_IntDisMeasStop_cnts
                                  000064a0         2   data ,g         2
  _CPU_IntDisMeasOvrhd_cnts
                                  000064a2         2   data ,g         2
  _CPU_IntDisMeasMaxCur_cnts
                                  000064a4         2   data ,g         4
  _CPU_IntDisMeasMax_cnts
                                  000064a6         2   data ,g         3
FILE=.\micrium\uCOS-III\Source\os_var.obj
                                  000064a8  000064c1        1a
  _OSFlagQty
                                  000064a8         2   data ,g         2
  _OSMemQty
                                  000064aa         2   data ,g         2
  _OSMutexQty
                                  000064ac         2   data ,g         2
  _OSQQty
                                  000064ae         2   data ,g         2
  _OSSchedLockTimeBegin
                                  000064b0         2   data ,g         3
  _OSSchedLockTimeMax
                                  000064b2         2   data ,g         3
  _OSSchedLockTimeMaxCur
                                  000064b4         2   data ,g         3
  _OSSemQty
                                  000064b6         2   data ,g         2
  _OSStatTaskCPUUsage
                                  000064b8         2   data ,g         2
  _OSStatTaskCPUUsageMax
                                  000064ba         2   data ,g         3
  _OSTaskQty
                                  000064bc         2   data ,g         2
  _OSTmrListEntries
                                  000064be         2   data ,g         3
  _OSTmrQty
                                  000064c0         2   data ,g         1
FILE=.\r_bsp\mcu\rx63n\cpu.obj
                                  000064c2  000064c9         8
  _g_protect_counters
                                  000064c2         8   data ,l         3

SECTION=B
FILE=.\micrium\uC-CPU\cpu_core.obj
                                  000064cc  000064d3         8
  _CPU_TS_32_Accum
                                  000064cc         4   data ,g         2
  _CPU_TS_TmrFreq_Hz
                                  000064d0         4   data ,g         3
FILE=.\micrium\uC-LIB\lib_math.obj
                                  000064d4  000064d7         4
  _Math_RandSeedCur
                                  000064d4         4   data ,g         2
FILE=.\micrium\uC-LIB\lib_mem.obj
                                  000064d8  000064ef        18
  _Mem_SegHeap
                                  000064d8        14   data ,g         c
  _Mem_SegHeadPtr
                                  000064ec         4   data ,g         3
FILE=.\micrium\uCOS-III\Ports\Renesas\RX\RXC\os_cpu_c.obj
                                  000064f0  000064f3         4
  _OS_KA_IPL_Boundary
                                  000064f0         4   data ,g         2
FILE=.\micrium\uCOS-III\Source\os_cfg_app.obj
                                  000064f4  00007533      1040
  _OSCfg_IdleTaskStk
                                  000064f4       200   data ,g         1
  _OSCfg_ISRStk
                                  000066f4       200   data ,g         1
  _OSCfg_MsgPool
                                  000068f4       640   data ,g         1
  _OSCfg_StatTaskStk
                                  00006f34       200   data ,g         1
  _OSCfg_TickTaskStk
                                  00007134       200   data ,g         1
  _OSCfg_TmrTaskStk
                                  00007334       200   data ,g         1
FILE=.\micrium\uCOS-III\Source\os_prio.obj
                                  00007534  00007537         4
  _OSPrioTbl
                                  00007534         4   data ,g         4
FILE=.\micrium\uCOS-III\Source\os_var.obj
                                  00007538  000079d3       49c
  _OSIdleTaskCtr
                                  00007538         4   data ,g         2
  _OSIdleTaskTCB
                                  0000753c        cc   data ,g         4
  _OSIntDisTimeMax
                                  00007608         4   data ,g         2
  _OSFlagDbgListPtr
                                  0000760c         4   data ,g         3
  _OSMemDbgListPtr
                                  00007610         4   data ,g         2
  _OSMsgPool
                                  00007614         c   data ,g         5
  _OSMutexDbgListPtr
                                  00007620         4   data ,g         3
  _OSQDbgListPtr
                                  00007624         4   data ,g         4
  _OSRdyList
                                  00007628        c0   data ,g         9
  _OSSchedRoundRobinDfltTimeQuanta
                                  000076e8         4   data ,g         6
  _OSSemDbgListPtr
                                  000076ec         4   data ,g         3
  _OSStatTaskCtr
                                  000076f0         4   data ,g         4
  _OSStatTaskCtrMax
                                  000076f4         4   data ,g         3
  _OSStatTaskCtrRun
                                  000076f8         4   data ,g         2
  _OSStatTaskTCB
                                  000076fc        cc   data ,g         1
  _OSStatTaskTimeMax
                                  000077c8         4   data ,g         4
  _OSTaskCtxSwCtr
                                  000077cc         4   data ,g         3
  _OSTaskDbgListPtr
                                  000077d0         4   data ,g         6
  _OSTickCtr
                                  000077d4         4   data ,g         5
  _OSTickTaskTCB
                                  000077d8        cc   data ,g         2
  _OSTickTaskTimeMax
                                  000078a4         4   data ,g         2
  _OSTickListDly
                                  000078a8         8   data ,g         3
  _OSTickListTimeout
                                  000078b0         8   data ,g         3
  _OSTmrDbgListPtr
                                  000078b8         4   data ,g         3
  _OSTmrListPtr
                                  000078bc         4   data ,g         4
  _OSTmrMutex
                                  000078c0        30   data ,g         3
  _OSTmrTaskTCB
                                  000078f0        cc   data ,g         3
  _OSTmrTaskTimeMax
                                  000079bc         4   data ,g         3
  _OSTmrTickCtr
                                  000079c0         4   data ,g         2
  _OSTmrUpdateCnt
                                  000079c4         4   data ,g         2
  _OSTmrUpdateCtr
                                  000079c8         4   data ,g         2
  _OSTCBCurPtr
                                  000079cc         4   data ,g        21
  _OSTCBHighRdyPtr
                                  000079d0         4   data ,g         7
FILE=.\r_bsp\board\rdkrx63n\lowsrc.obj
                                  000079d4  00007a23        50
  __Files
                                  000079d4        50   data ,g         4
FILE=.\r_bsp\board\rdkrx63n\sbrk.obj
                                  00007a24  00007e23       400
  _heap_area
                                  00007a24       400   data ,l         2
FILE=.\r_bsp\mcu\rx63n\mcu_interrupts.obj
                                  00007e24  00007e4f        2c
  _g_bsp_vectors
                                  00007e24        2c   data ,l         4
FILE=.\r_bsp\mcu\rx63n\mcu_locks.obj
                                  00007e50  00007fe7       198
  _g_bsp_Locks
                                  00007e50       198   data ,g         2
FILE=.\src\main.obj
                                  00007fe8  00008017        30
  _tmr
                                  00007fe8        30   data ,g         1
FILE=.\src\rtos_launcher.obj
                                  00008018  000082e3       2cc
  _mainStk
                                  00008018       200   data ,l         1
  _mainTCB
                                  00008218        cc   data ,l         1
FILE=_errno
                                  000082e4  000082e7         4
  __errno
                                  000082e4         4   data ,g         3

SECTION=R
FILE=.\micrium\BSP\bsp_int_vect_tbl.obj
                                  000082e8  000086e7       400
  _BSP_IntVectTbl
                                  000082e8       400   data ,l         2
FILE=.\r_bsp\board\rdkrx63n\lowsrc.obj
                                  000086e8  000086fb        14
  _env_list
                                  000086e8        10   data ,g         1
  _environ
                                  000086f8         4   data ,g         0
FILE=.\r_bsp\board\rdkrx63n\sbrk.obj
                                  000086fc  000086ff         4
  _brk
                                  000086fc         4   data ,l         1
FILE=.\src\main.obj
                                  00008700  00008703         4
  _i
                                  00008700         4   data ,g         1
FILE=xfiles
                                  00008704  000087db        d8
  __Stdin
                                  00008704        48   data ,g         8
  __Stdout
                                  0000874c        48   data ,g         9
  __Stderr
                                  00008794        48   data ,g         4
FILE=malloc
                                  000087dc  000087e3         8
  __Aldata
                                  000087dc         8   data ,g         3
FILE=xprintf
                                  000087e4  000087e7         4
  _stderr
                                  000087e4         4   data ,g         0
FILE=xctype
                                  000087e8  000087ef         8
  __Ctype
                                  000087e8         4   data ,g         2
  __Tls_setup__Ctype
                                  000087ec         4   data ,g         1
FILE=xstate
                                  000087f0  00008837        48
  __Tls_setup__Mbcurmax
                                  000087f0         4   data ,g         1
  __Mbstate
                                  000087f4        40   data ,g         2
  __Tls_setup__Mbstate
                                  00008834         4   data ,g         2
FILE=localeco
                                  00008838  0000888b        54
  __Locale
                                  00008838        50   data ,g         1
  __Tls_setup__Locale
                                  00008888         4   data ,g         0
FILE=xwcstate
                                  0000888c  000088cf        44
  __Wcstate
                                  0000888c        40   data ,g         2
  __Tls_setup__Wcstate
                                  000088cc         4   data ,g         2
FILE=xvalues
                                  000088d0  0000894f        80
  __Denorm
                                  000088d0        10   data ,g         0
  __Eps
                                  000088e0        10   data ,g         0
  __Hugeval
                                  000088f0        10   data ,g         0
  __Inf
                                  00008900        10   data ,g         1
  __Nan
                                  00008910        10   data ,g         0
  __Snan
                                  00008920        10   data ,g         0
  __Rteps
                                  00008930        10   data ,g         0
  __Xbig
                                  00008940         8   data ,g         0
  __Zero
                                  00008948         8   data ,g         0

SECTION=C_1
FILE=.\micrium\uC-CPU\cpu_core.obj
                                  fff00000  fff000ff       100
  _CPU_CntLeadZerosTbl
                                  fff00000       100   data ,l         4
FILE=.\micrium\uCOS-III\Source\os_cfg_app.obj
                                  fff00100  fff00102         3
  _OSCfg_StatTaskPrio
                                  fff00100         1   data ,g         1
  _OSCfg_TickTaskPrio
                                  fff00101         1   data ,g         1
  _OSCfg_TmrTaskPrio
                                  fff00102         1   data ,g         1
FILE=.\micrium\uCOS-III\Source\os_dbg.obj
                                  fff00103  fff00129        27
  _OSDbg_DbgEn
                                  fff00103         1   data ,g         0
  _OSDbg_ArgChkEn
                                  fff00104         1   data ,g         0
  _OSDbg_AppHooksEn
                                  fff00105         1   data ,g         0
  _OSDbg_CalledFromISRChkEn
                                  fff00106         1   data ,g         0
  _OSDbg_FlagEn
                                  fff00107         1   data ,g         0
  _OSDbg_FlagDelEn
                                  fff00108         1   data ,g         0
  _OSDbg_FlagModeClrEn
                                  fff00109         1   data ,g         0
  _OSDbg_FlagPendAbortEn
                                  fff0010a         1   data ,g         0
  _OSDbg_ISRPostDeferredEn
                                  fff0010b         1   data ,g         0
  _OSDbg_MemEn
                                  fff0010c         1   data ,g         0
  _OSDbg_MsgEn
                                  fff0010d         1   data ,g         0
  _OSDbg_MutexEn
                                  fff0010e         1   data ,g         0
  _OSDbg_MutexDelEn
                                  fff0010f         1   data ,g         0
  _OSDbg_MutexPendAbortEn
                                  fff00110         1   data ,g         0
  _OSDbg_ObjTypeChkEn
                                  fff00111         1   data ,g         0
  _OSDbg_PendMultiEn
                                  fff00112         1   data ,g         0
  _OSDbg_QEn
                                  fff00113         1   data ,g         0
  _OSDbg_QDelEn
                                  fff00114         1   data ,g         0
  _OSDbg_QFlushEn
                                  fff00115         1   data ,g         0
  _OSDbg_QPendAbortEn
                                  fff00116         1   data ,g         0
  _OSDbg_SchedRoundRobinEn
                                  fff00117         1   data ,g         0
  _OSDbg_SemEn
                                  fff00118         1   data ,g         0
  _OSDbg_SemDelEn
                                  fff00119         1   data ,g         0
  _OSDbg_SemPendAbortEn
                                  fff0011a         1   data ,g         0
  _OSDbg_SemSetEn
                                  fff0011b         1   data ,g         0
  _OSDbg_StkWidth
                                  fff0011c         1   data ,g         0
  _OSDbg_StatTaskEn
                                  fff0011d         1   data ,g         0
  _OSDbg_StatTaskStkChkEn
                                  fff0011e         1   data ,g         0
  _OSDbg_TaskChangePrioEn
                                  fff0011f         1   data ,g         0
  _OSDbg_TaskDelEn
                                  fff00120         1   data ,g         0
  _OSDbg_TaskQEn
                                  fff00121         1   data ,g         0
  _OSDbg_TaskQPendAbortEn
                                  fff00122         1   data ,g         0
  _OSDbg_TaskProfileEn
                                  fff00123         1   data ,g         0
  _OSDbg_TaskSemPendAbortEn
                                  fff00124         1   data ,g         0
  _OSDbg_TaskSuspendEn
                                  fff00125         1   data ,g         0
  _OSDbg_TimeDlyHMSMEn
                                  fff00126         1   data ,g         0
  _OSDbg_TimeDlyResumeEn
                                  fff00127         1   data ,g         0
  _OSDbg_TmrEn
                                  fff00128         1   data ,g         0
  _OSDbg_TmrDelEn
                                  fff00129         1   data ,g         0
FILE=xprintf
                                  fff0012a  fff00133         a
  _fchar$1
                                  fff0012a         a   data ,l         1
FILE=xputtxt
                                  fff00134  fff001d8        a5
  _spaces
                                  fff00134        21   data ,l         1
  _zeroes
                                  fff00155        21   data ,l         1
  _asterisk
                                  fff00176        21   data ,l         1
  _plus
                                  fff00197        21   data ,l         1
  _minus
                                  fff001b8        21   data ,l         1
FILE=xlitob
                                  fff001d9  fff001fa        22
  _ldigs
                                  fff001d9        11   data ,l         1
  _udigs
                                  fff001ea        11   data ,l         1
FILE=localeco
                                  fff001fb  fff001fb         1
  _null
                                  fff001fb         1   data ,l         d

SECTION=C_2
FILE=.\micrium\uCOS-III\Source\os_cfg_app.obj
                                  fff001fc  fff001ff         4
  _OSCfg_IntQSize
                                  fff001fc         2   data ,g         0
  _OSCfg_MsgPoolSize
                                  fff001fe         2   data ,g         1
FILE=.\micrium\uCOS-III\Source\os_dbg.obj
                                  fff00200  fff0022d        2e
  _OSDbg_FlagGrpSize
                                  fff00200         2   data ,g         0
  _OSDbg_FlagWidth
                                  fff00202         2   data ,g         0
  _OSDbg_IntQ
                                  fff00204         2   data ,g         0
  _OSDbg_MemSize
                                  fff00206         2   data ,g         0
  _OSDbg_MsgSize
                                  fff00208         2   data ,g         0
  _OSDbg_MsgPoolSize
                                  fff0020a         2   data ,g         0
  _OSDbg_MsgQSize
                                  fff0020c         2   data ,g         0
  _OSDbg_MutexSize
                                  fff0020e         2   data ,g         0
  _OSDbg_PendDataSize
                                  fff00210         2   data ,g         0
  _OSDbg_PendListSize
                                  fff00212         2   data ,g         0
  _OSDbg_PendObjSize
                                  fff00214         2   data ,g         0
  _OSDbg_PrioMax
                                  fff00216         2   data ,g         0
  _OSDbg_PrioTblSize
                                  fff00218         2   data ,g         0
  _OSDbg_PtrSize
                                  fff0021a         2   data ,g         0
  _OSDbg_QSize
                                  fff0021c         2   data ,g         0
  _OSDbg_SemSize
                                  fff0021e         2   data ,g         0
  _OSDbg_RdyList
                                  fff00220         2   data ,g         0
  _OSDbg_TaskRegTblSize
                                  fff00222         2   data ,g         0
  _OSDbg_TCBSize
                                  fff00224         2   data ,g         0
  _OSDbg_TickListSize
                                  fff00226         2   data ,g         0
  _OSDbg_TLS_TblSize
                                  fff00228         2   data ,g         0
  _OSDbg_TmrSize
                                  fff0022a         2   data ,g         0
  _OSDbg_VersionNbr
                                  fff0022c         2   data ,g         0
FILE=.\r_bsp\mcu\rx63n\cpu.obj
                                  fff0022e  fff00233         6
  _g_prcr_masks
                                  fff0022e         6   data ,l         2
FILE=xctype
                                  fff00234  fff00435       202
  _ctyp_tab
                                  fff00234       202   data ,l         1

SECTION=C
FILE=.\micrium\uC-CPU\cpu_core.obj
                                  fff00438  fff0043b         4
  _CPU_EndiannessTest
                                  fff00438         4   data ,g         0
FILE=.\micrium\uC-LIB\lib_str.obj
                                  fff0043c  fff004cf        94
  _Str_MultOvfThTbl_Int32U
                                  fff0043c        94   data ,l         1
FILE=.\micrium\uCOS-III\Source\os_cfg_app.obj
                                  fff004d0  fff0054f        80
  _OSCfg_IdleTaskStkBasePtr
                                  fff004d0         4   data ,g         1
  _OSCfg_IdleTaskStkLimit
                                  fff004d4         4   data ,g         1
  _OSCfg_IdleTaskStkSize
                                  fff004d8         4   data ,g         1
  _OSCfg_IdleTaskStkSizeRAM
                                  fff004dc         4   data ,g         0
  _OSCfg_IntQBasePtr
                                  fff004e0         4   data ,g         0
  _OSCfg_IntQSizeRAM
                                  fff004e4         4   data ,g         0
  _OSCfg_IntQTaskStkBasePtr
                                  fff004e8         4   data ,g         0
  _OSCfg_IntQTaskStkLimit
                                  fff004ec         4   data ,g         0
  _OSCfg_IntQTaskStkSize
                                  fff004f0         4   data ,g         0
  _OSCfg_IntQTaskStkSizeRAM
                                  fff004f4         4   data ,g         0
  _OSCfg_ISRStkBasePtr
                                  fff004f8         4   data ,g         1
  _OSCfg_ISRStkSize
                                  fff004fc         4   data ,g         1
  _OSCfg_ISRStkSizeRAM
                                  fff00500         4   data ,g         0
  _OSCfg_MsgPoolSizeRAM
                                  fff00504         4   data ,g         0
  _OSCfg_MsgPoolBasePtr
                                  fff00508         4   data ,g         1
  _OSCfg_StatTaskRate_Hz
                                  fff0050c         4   data ,g         2
  _OSCfg_StatTaskStkBasePtr
                                  fff00510         4   data ,g         1
  _OSCfg_StatTaskStkLimit
                                  fff00514         4   data ,g         1
  _OSCfg_StatTaskStkSize
                                  fff00518         4   data ,g         1
  _OSCfg_StatTaskStkSizeRAM
                                  fff0051c         4   data ,g         0
  _OSCfg_StkSizeMin
                                  fff00520         4   data ,g         3
  _OSCfg_TickRate_Hz
                                  fff00524         4   data ,g         8
  _OSCfg_TickTaskStkBasePtr
                                  fff00528         4   data ,g         1
  _OSCfg_TickTaskStkLimit
                                  fff0052c         4   data ,g         1
  _OSCfg_TickTaskStkSize
                                  fff00530         4   data ,g         1
  _OSCfg_TickTaskStkSizeRAM
                                  fff00534         4   data ,g         0
  _OSCfg_TmrTaskRate_Hz
                                  fff00538         4   data ,g         1
  _OSCfg_TmrTaskStkBasePtr
                                  fff0053c         4   data ,g         1
  _OSCfg_TmrTaskStkLimit
                                  fff00540         4   data ,g         1
  _OSCfg_TmrTaskStkSize
                                  fff00544         4   data ,g         1
  _OSCfg_TmrTaskStkSizeRAM
                                  fff00548         4   data ,g         0
  _OSCfg_DataSizeRAM
                                  fff0054c         4   data ,g         0
FILE=.\micrium\uCOS-III\Source\os_dbg.obj
                                  fff00550  fff0065b       10c
  _OSDbg_EndiannessTest
                                  fff00550         4   data ,g         0
  _OSDbg_FlagGrp
                                  fff00554        28   data ,g         0
  _OSDbg_Mem
                                  fff0057c        20   data ,g         0
  _OSDbg_Mutex
                                  fff0059c        30   data ,g         0
  _OSDbg_Q
                                  fff005cc        30   data ,g         0
  _OSDbg_Sem
                                  fff005fc        28   data ,g         0
  _OSDbg_RdyListSize
                                  fff00624         4   data ,g         0
  _OSDbg_Tmr
                                  fff00628        30   data ,g         0
  _OSDbg_DataSize
                                  fff00658         4   data ,g         0
FILE=.\r_bsp\board\rdkrx63n\dbsct.obj
                                  fff0065c  fff00673        18
  __CTBL
                                  fff0065c        18   data ,g         0
FILE=.\r_bsp\board\rdkrx63n\lowsrc.obj
                                  fff00674  fff00677         4
  __nfiles
                                  fff00674         4   data ,g         3
FILE=xfoprep
                                  fff00678  fff006bf        48
  _init$1
                                  fff00678        48   data ,l         1
FILE=xprintf
                                  fff006c0  fff006d7        18
  _fbit$2
                                  fff006c0        18   data ,l         1
FILE=_sbrk_si
                                  fff006d8  fff006db         4
  __sbrk_size
                                  fff006d8         4   data ,g         1
FILE=xputfld
                                  fff006dc  fff006df         4
  _vpsize$1
                                  fff006dc         4   data ,l         0
FILE=xfopen
                                  fff006e0  fff006ef        10
  _rwacc$1
                                  fff006e0        10   data ,l         1
FILE=xvacopy
                                  fff006f0  fff006f3         4
  _vasize$1
                                  fff006f0         4   data ,l         0
FILE=xldtob
                                  fff006f4  fff0073b        48
  _pows
                                  fff006f4        48   data ,l         1
FILE=xwctomb
                                  fff0073c  fff00743         8
  _initial$1
                                  fff0073c         8   data ,l         0

SECTION=C$DSEC
FILE=.\r_bsp\board\rdkrx63n\dbsct.obj
                                  fff00744  fff00767        24
  __DTBL
                                  fff00744        24   data ,g         0

SECTION=C$BSEC
FILE=.\r_bsp\board\rdkrx63n\dbsct.obj
                                  fff00768  fff0077f        18
  __BTBL
                                  fff00768        18   data ,g         0

SECTION=C$VECT
FILE=.\r_bsp\board\rdkrx63n\resetprg.obj
                                  fff00780  fff00b7f       400

SECTION=D
FILE=.\micrium\BSP\bsp_int_vect_tbl.obj
                                  fff00b80  fff00f7f       400
FILE=.\r_bsp\board\rdkrx63n\lowsrc.obj
                                  fff00f80  fff00f93        14
FILE=.\r_bsp\board\rdkrx63n\sbrk.obj
                                  fff00f94  fff00f97         4
FILE=.\src\main.obj
                                  fff00f98  fff00f9b         4
FILE=xfiles
                                  fff00f9c  fff01073        d8
FILE=malloc
                                  fff01074  fff0107b         8
FILE=xprintf
                                  fff0107c  fff0107f         4
FILE=xctype
                                  fff01080  fff01087         8
FILE=xstate
                                  fff01088  fff010cf        48
FILE=localeco
                                  fff010d0  fff01123        54
FILE=xwcstate
                                  fff01124  fff01167        44
FILE=xvalues
                                  fff01168  fff011e7        80

SECTION=D_1
FILE=xfiles
                                  fff011e8  fff01237        50
FILE=xstate
                                  fff01238  fff01238         1

SECTION=L
FILE=.\micrium\uC-LIB\lib_mem.obj
                                  fff0123c  fff01275        3a
FILE=.\micrium\uCOS-III\Source\os_core.obj
                                  fff01278  fff0129d        26
FILE=.\micrium\uCOS-III\Source\os_flag.obj
                                  fff012a0  fff012a7         8
FILE=.\micrium\uCOS-III\Source\os_mutex.obj
                                  fff012a8  fff012b0         9
FILE=.\micrium\uCOS-III\Source\os_q.obj
                                  fff012b4  fff012b8         5
FILE=.\micrium\uCOS-III\Source\os_sem.obj
                                  fff012bc  fff012c2         7
FILE=.\micrium\uCOS-III\Source\os_stat.obj
                                  fff012c4  fff012d7        14
FILE=.\micrium\uCOS-III\Source\os_task.obj
                                  fff012d8  fff012df         8
FILE=.\micrium\uCOS-III\Source\os_tick.obj
                                  fff012e0  fff012f3        14
FILE=.\micrium\uCOS-III\Source\os_tmr.obj
                                  fff012f4  fff0131a        27
FILE=.\r_bsp\board\rdkrx63n\dbsct.obj
                                  fff0131c  fff0131f         4
  _deadSpace
                                  fff0131c         4   data ,g         0
FILE=.\r_bsp\board\rdkrx63n\lowsrc.obj
                                  fff01320  fff01361        42
FILE=.\src\main.obj
                                  fff01364  fff013a7        44
FILE=.\src\rtos_launcher.obj
                                  fff013a8  fff013ac         5
FILE=xprintf
                                  fff013b0  fff013b6         7
FILE=xldtob
                                  fff013b8  fff013d9        22
FILE=xgenld
                                  fff013dc  fff013dd         2
FILE=localeco
                                  fff013e0  fff013ec         d

SECTION=P
FILE=.\micrium\BSP\bsp.obj
                                  fff013ed  fff013f4         8
  _BSP_Init
                                  fff013ed         8   func ,g         1
FILE=.\micrium\BSP\bsp_int_vect_tbl.obj
                                  fff013f5  fff0163b       247
  _BSP_IntVectSet
                                  fff013f5        3d   func ,g         1
  _BSP_IntVectTblInit
                                  fff01432         a   func ,g         0
  _BSP_IntHandler_000
                                  fff0143c         2   func ,g         1
  _BSP_IntHandler_001
                                  fff0143e         2   func ,g         1
  _BSP_IntHandler_002
                                  fff01440         2   func ,g         1
  _BSP_IntHandler_003
                                  fff01442         2   func ,g         1
  _BSP_IntHandler_004
                                  fff01444         2   func ,g         1
  _BSP_IntHandler_005
                                  fff01446         2   func ,g         1
  _BSP_IntHandler_006
                                  fff01448         2   func ,g         1
  _BSP_IntHandler_007
                                  fff0144a         2   func ,g         1
  _BSP_IntHandler_008
                                  fff0144c         2   func ,g         1
  _BSP_IntHandler_009
                                  fff0144e         2   func ,g         1
  _BSP_IntHandler_010
                                  fff01450         2   func ,g         1
  _BSP_IntHandler_011
                                  fff01452         2   func ,g         1
  _BSP_IntHandler_012
                                  fff01454         2   func ,g         1
  _BSP_IntHandler_013
                                  fff01456         2   func ,g         1
  _BSP_IntHandler_014
                                  fff01458         2   func ,g         1
  _BSP_IntHandler_015
                                  fff0145a         2   func ,g         1
  _BSP_IntHandler_016
                                  fff0145c         2   func ,g         1
  _BSP_IntHandler_017
                                  fff0145e         2   func ,g         1
  _BSP_IntHandler_018
                                  fff01460         2   func ,g         1
  _BSP_IntHandler_019
                                  fff01462         2   func ,g         1
  _BSP_IntHandler_020
                                  fff01464         2   func ,g         1
  _BSP_IntHandler_021
                                  fff01466         2   func ,g         1
  _BSP_IntHandler_022
                                  fff01468         2   func ,g         1
  _BSP_IntHandler_023
                                  fff0146a         2   func ,g         1
  _BSP_IntHandler_024
                                  fff0146c         2   func ,g         1
  _BSP_IntHandler_025
                                  fff0146e         2   func ,g         1
  _BSP_IntHandler_026
                                  fff01470         2   func ,g         1
  _BSP_IntHandler_027
                                  fff01472         2   func ,g         0
  _BSP_IntHandler_028
                                  fff01474         2   func ,g         0
  _BSP_IntHandler_029
                                  fff01476         2   func ,g         1
  _BSP_IntHandler_030
                                  fff01478         2   func ,g         1
  _BSP_IntHandler_031
                                  fff0147a         2   func ,g         1
  _BSP_IntHandler_032
                                  fff0147c         2   func ,g         1
  _BSP_IntHandler_033
                                  fff0147e         2   func ,g         1
  _BSP_IntHandler_034
                                  fff01480         2   func ,g         1
  _BSP_IntHandler_035
                                  fff01482         2   func ,g         1
  _BSP_IntHandler_036
                                  fff01484         2   func ,g         1
  _BSP_IntHandler_037
                                  fff01486         2   func ,g         1
  _BSP_IntHandler_038
                                  fff01488         2   func ,g         1
  _BSP_IntHandler_039
                                  fff0148a         2   func ,g         1
  _BSP_IntHandler_040
                                  fff0148c         2   func ,g         1
  _BSP_IntHandler_041
                                  fff0148e         2   func ,g         1
  _BSP_IntHandler_042
                                  fff01490         2   func ,g         1
  _BSP_IntHandler_043
                                  fff01492         2   func ,g         1
  _BSP_IntHandler_044
                                  fff01494         2   func ,g         1
  _BSP_IntHandler_045
                                  fff01496         2   func ,g         1
  _BSP_IntHandler_046
                                  fff01498         2   func ,g         1
  _BSP_IntHandler_047
                                  fff0149a         2   func ,g         1
  _BSP_IntHandler_048
                                  fff0149c         2   func ,g         1
  _BSP_IntHandler_049
                                  fff0149e         2   func ,g         1
  _BSP_IntHandler_050
                                  fff014a0         2   func ,g         1
  _BSP_IntHandler_051
                                  fff014a2         2   func ,g         1
  _BSP_IntHandler_052
                                  fff014a4         2   func ,g         1
  _BSP_IntHandler_053
                                  fff014a6         2   func ,g         1
  _BSP_IntHandler_054
                                  fff014a8         2   func ,g         1
  _BSP_IntHandler_055
                                  fff014aa         2   func ,g         1
  _BSP_IntHandler_056
                                  fff014ac         2   func ,g         1
  _BSP_IntHandler_057
                                  fff014ae         2   func ,g         1
  _BSP_IntHandler_058
                                  fff014b0         2   func ,g         1
  _BSP_IntHandler_059
                                  fff014b2         2   func ,g         1
  _BSP_IntHandler_060
                                  fff014b4         2   func ,g         1
  _BSP_IntHandler_061
                                  fff014b6         2   func ,g         1
  _BSP_IntHandler_062
                                  fff014b8         2   func ,g         1
  _BSP_IntHandler_063
                                  fff014ba         2   func ,g         1
  _BSP_IntHandler_064
                                  fff014bc         2   func ,g         1
  _BSP_IntHandler_065
                                  fff014be         2   func ,g         1
  _BSP_IntHandler_066
                                  fff014c0         2   func ,g         1
  _BSP_IntHandler_067
                                  fff014c2         2   func ,g         1
  _BSP_IntHandler_068
                                  fff014c4         2   func ,g         1
  _BSP_IntHandler_069
                                  fff014c6         2   func ,g         1
  _BSP_IntHandler_070
                                  fff014c8         2   func ,g         1
  _BSP_IntHandler_071
                                  fff014ca         2   func ,g         1
  _BSP_IntHandler_072
                                  fff014cc         2   func ,g         1
  _BSP_IntHandler_073
                                  fff014ce         2   func ,g         1
  _BSP_IntHandler_074
                                  fff014d0         2   func ,g         1
  _BSP_IntHandler_075
                                  fff014d2         2   func ,g         1
  _BSP_IntHandler_076
                                  fff014d4         2   func ,g         1
  _BSP_IntHandler_077
                                  fff014d6         2   func ,g         1
  _BSP_IntHandler_078
                                  fff014d8         2   func ,g         1
  _BSP_IntHandler_079
                                  fff014da         2   func ,g         1
  _BSP_IntHandler_080
                                  fff014dc         2   func ,g         1
  _BSP_IntHandler_081
                                  fff014de         2   func ,g         1
  _BSP_IntHandler_082
                                  fff014e0         2   func ,g         1
  _BSP_IntHandler_083
                                  fff014e2         2   func ,g         1
  _BSP_IntHandler_084
                                  fff014e4         2   func ,g         1
  _BSP_IntHandler_085
                                  fff014e6         2   func ,g         1
  _BSP_IntHandler_086
                                  fff014e8         2   func ,g         1
  _BSP_IntHandler_087
                                  fff014ea         2   func ,g         1
  _BSP_IntHandler_088
                                  fff014ec         2   func ,g         1
  _BSP_IntHandler_089
                                  fff014ee         2   func ,g         1
  _BSP_IntHandler_090
                                  fff014f0         2   func ,g         1
  _BSP_IntHandler_091
                                  fff014f2         2   func ,g         1
  _BSP_IntHandler_092
                                  fff014f4         2   func ,g         1
  _BSP_IntHandler_093
                                  fff014f6         2   func ,g         1
  _BSP_IntHandler_094
                                  fff014f8         2   func ,g         1
  _BSP_IntHandler_095
                                  fff014fa         2   func ,g         1
  _BSP_IntHandler_096
                                  fff014fc         2   func ,g         1
  _BSP_IntHandler_097
                                  fff014fe         2   func ,g         1
  _BSP_IntHandler_098
                                  fff01500         2   func ,g         1
  _BSP_IntHandler_099
                                  fff01502         2   func ,g         1
  _BSP_IntHandler_100
                                  fff01504         2   func ,g         1
  _BSP_IntHandler_101
                                  fff01506         2   func ,g         1
  _BSP_IntHandler_102
                                  fff01508         2   func ,g         1
  _BSP_IntHandler_103
                                  fff0150a         2   func ,g         1
  _BSP_IntHandler_104
                                  fff0150c         2   func ,g         1
  _BSP_IntHandler_105
                                  fff0150e         2   func ,g         1
  _BSP_IntHandler_106
                                  fff01510         2   func ,g         1
  _BSP_IntHandler_107
                                  fff01512         2   func ,g         1
  _BSP_IntHandler_108
                                  fff01514         2   func ,g         1
  _BSP_IntHandler_109
                                  fff01516         2   func ,g         1
  _BSP_IntHandler_110
                                  fff01518         2   func ,g         1
  _BSP_IntHandler_111
                                  fff0151a         2   func ,g         1
  _BSP_IntHandler_112
                                  fff0151c         2   func ,g         1
  _BSP_IntHandler_113
                                  fff0151e         2   func ,g         1
  _BSP_IntHandler_114
                                  fff01520         2   func ,g         1
  _BSP_IntHandler_115
                                  fff01522         2   func ,g         1
  _BSP_IntHandler_116
                                  fff01524         2   func ,g         1
  _BSP_IntHandler_117
                                  fff01526         2   func ,g         1
  _BSP_IntHandler_118
                                  fff01528         2   func ,g         1
  _BSP_IntHandler_119
                                  fff0152a         2   func ,g         1
  _BSP_IntHandler_120
                                  fff0152c         2   func ,g         1
  _BSP_IntHandler_121
                                  fff0152e         2   func ,g         1
  _BSP_IntHandler_122
                                  fff01530         2   func ,g         1
  _BSP_IntHandler_123
                                  fff01532         2   func ,g         1
  _BSP_IntHandler_124
                                  fff01534         2   func ,g         1
  _BSP_IntHandler_125
                                  fff01536         2   func ,g         1
  _BSP_IntHandler_126
                                  fff01538         2   func ,g         1
  _BSP_IntHandler_127
                                  fff0153a         2   func ,g         1
  _BSP_IntHandler_128
                                  fff0153c         2   func ,g         1
  _BSP_IntHandler_129
                                  fff0153e         2   func ,g         1
  _BSP_IntHandler_130
                                  fff01540         2   func ,g         1
  _BSP_IntHandler_131
                                  fff01542         2   func ,g         1
  _BSP_IntHandler_132
                                  fff01544         2   func ,g         1
  _BSP_IntHandler_133
                                  fff01546         2   func ,g         1
  _BSP_IntHandler_134
                                  fff01548         2   func ,g         1
  _BSP_IntHandler_135
                                  fff0154a         2   func ,g         1
  _BSP_IntHandler_136
                                  fff0154c         2   func ,g         1
  _BSP_IntHandler_137
                                  fff0154e         2   func ,g         1
  _BSP_IntHandler_138
                                  fff01550         2   func ,g         1
  _BSP_IntHandler_139
                                  fff01552         2   func ,g         1
  _BSP_IntHandler_140
                                  fff01554         2   func ,g         1
  _BSP_IntHandler_141
                                  fff01556         2   func ,g         1
  _BSP_IntHandler_142
                                  fff01558         2   func ,g         1
  _BSP_IntHandler_143
                                  fff0155a         2   func ,g         1
  _BSP_IntHandler_144
                                  fff0155c         2   func ,g         1
  _BSP_IntHandler_145
                                  fff0155e         2   func ,g         1
  _BSP_IntHandler_146
                                  fff01560         2   func ,g         1
  _BSP_IntHandler_147
                                  fff01562         2   func ,g         1
  _BSP_IntHandler_148
                                  fff01564         2   func ,g         1
  _BSP_IntHandler_149
                                  fff01566         2   func ,g         1
  _BSP_IntHandler_150
                                  fff01568         2   func ,g         1
  _BSP_IntHandler_151
                                  fff0156a         2   func ,g         1
  _BSP_IntHandler_152
                                  fff0156c         2   func ,g         1
  _BSP_IntHandler_153
                                  fff0156e         2   func ,g         1
  _BSP_IntHandler_154
                                  fff01570         2   func ,g         1
  _BSP_IntHandler_155
                                  fff01572         2   func ,g         1
  _BSP_IntHandler_156
                                  fff01574         2   func ,g         1
  _BSP_IntHandler_157
                                  fff01576         2   func ,g         1
  _BSP_IntHandler_158
                                  fff01578         2   func ,g         1
  _BSP_IntHandler_159
                                  fff0157a         2   func ,g         1
  _BSP_IntHandler_160
                                  fff0157c         2   func ,g         1
  _BSP_IntHandler_161
                                  fff0157e         2   func ,g         1
  _BSP_IntHandler_162
                                  fff01580         2   func ,g         1
  _BSP_IntHandler_163
                                  fff01582         2   func ,g         1
  _BSP_IntHandler_164
                                  fff01584         2   func ,g         1
  _BSP_IntHandler_165
                                  fff01586         2   func ,g         1
  _BSP_IntHandler_166
                                  fff01588         2   func ,g         1
  _BSP_IntHandler_167
                                  fff0158a         2   func ,g         1
  _BSP_IntHandler_168
                                  fff0158c         2   func ,g         1
  _BSP_IntHandler_169
                                  fff0158e         2   func ,g         1
  _BSP_IntHandler_170
                                  fff01590         2   func ,g         1
  _BSP_IntHandler_171
                                  fff01592         2   func ,g         1
  _BSP_IntHandler_172
                                  fff01594         2   func ,g         1
  _BSP_IntHandler_173
                                  fff01596         2   func ,g         1
  _BSP_IntHandler_174
                                  fff01598         2   func ,g         1
  _BSP_IntHandler_175
                                  fff0159a         2   func ,g         1
  _BSP_IntHandler_176
                                  fff0159c         2   func ,g         1
  _BSP_IntHandler_177
                                  fff0159e         2   func ,g         1
  _BSP_IntHandler_178
                                  fff015a0         2   func ,g         1
  _BSP_IntHandler_179
                                  fff015a2         2   func ,g         1
  _BSP_IntHandler_180
                                  fff015a4         2   func ,g         1
  _BSP_IntHandler_181
                                  fff015a6         2   func ,g         1
  _BSP_IntHandler_182
                                  fff015a8         2   func ,g         1
  _BSP_IntHandler_183
                                  fff015aa         2   func ,g         1
  _BSP_IntHandler_184
                                  fff015ac         2   func ,g         1
  _BSP_IntHandler_185
                                  fff015ae         2   func ,g         1
  _BSP_IntHandler_186
                                  fff015b0         2   func ,g         1
  _BSP_IntHandler_187
                                  fff015b2         2   func ,g         1
  _BSP_IntHandler_188
                                  fff015b4         2   func ,g         1
  _BSP_IntHandler_189
                                  fff015b6         2   func ,g         1
  _BSP_IntHandler_190
                                  fff015b8         2   func ,g         1
  _BSP_IntHandler_191
                                  fff015ba         2   func ,g         1
  _BSP_IntHandler_192
                                  fff015bc         2   func ,g         1
  _BSP_IntHandler_193
                                  fff015be         2   func ,g         1
  _BSP_IntHandler_194
                                  fff015c0         2   func ,g         1
  _BSP_IntHandler_195
                                  fff015c2         2   func ,g         1
  _BSP_IntHandler_196
                                  fff015c4         2   func ,g         1
  _BSP_IntHandler_197
                                  fff015c6         2   func ,g         1
  _BSP_IntHandler_198
                                  fff015c8         2   func ,g         1
  _BSP_IntHandler_199
                                  fff015ca         2   func ,g         1
  _BSP_IntHandler_200
                                  fff015cc         2   func ,g         1
  _BSP_IntHandler_201
                                  fff015ce         2   func ,g         1
  _BSP_IntHandler_202
                                  fff015d0         2   func ,g         1
  _BSP_IntHandler_203
                                  fff015d2         2   func ,g         1
  _BSP_IntHandler_204
                                  fff015d4         2   func ,g         1
  _BSP_IntHandler_205
                                  fff015d6         2   func ,g         1
  _BSP_IntHandler_206
                                  fff015d8         2   func ,g         1
  _BSP_IntHandler_207
                                  fff015da         2   func ,g         1
  _BSP_IntHandler_208
                                  fff015dc         2   func ,g         1
  _BSP_IntHandler_209
                                  fff015de         2   func ,g         1
  _BSP_IntHandler_210
                                  fff015e0         2   func ,g         1
  _BSP_IntHandler_211
                                  fff015e2         2   func ,g         1
  _BSP_IntHandler_212
                                  fff015e4         2   func ,g         1
  _BSP_IntHandler_213
                                  fff015e6         2   func ,g         1
  _BSP_IntHandler_214
                                  fff015e8         2   func ,g         1
  _BSP_IntHandler_215
                                  fff015ea         2   func ,g         1
  _BSP_IntHandler_216
                                  fff015ec         2   func ,g         1
  _BSP_IntHandler_217
                                  fff015ee         2   func ,g         1
  _BSP_IntHandler_218
                                  fff015f0         2   func ,g         1
  _BSP_IntHandler_219
                                  fff015f2         2   func ,g         1
  _BSP_IntHandler_220
                                  fff015f4         2   func ,g         1
  _BSP_IntHandler_221
                                  fff015f6         2   func ,g         1
  _BSP_IntHandler_222
                                  fff015f8         2   func ,g         1
  _BSP_IntHandler_223
                                  fff015fa         2   func ,g         1
  _BSP_IntHandler_224
                                  fff015fc         2   func ,g         1
  _BSP_IntHandler_225
                                  fff015fe         2   func ,g         1
  _BSP_IntHandler_226
                                  fff01600         2   func ,g         1
  _BSP_IntHandler_227
                                  fff01602         2   func ,g         1
  _BSP_IntHandler_228
                                  fff01604         2   func ,g         1
  _BSP_IntHandler_229
                                  fff01606         2   func ,g         1
  _BSP_IntHandler_230
                                  fff01608         2   func ,g         1
  _BSP_IntHandler_231
                                  fff0160a         2   func ,g         1
  _BSP_IntHandler_232
                                  fff0160c         2   func ,g         1
  _BSP_IntHandler_233
                                  fff0160e         2   func ,g         1
  _BSP_IntHandler_234
                                  fff01610         2   func ,g         1
  _BSP_IntHandler_235
                                  fff01612         2   func ,g         1
  _BSP_IntHandler_236
                                  fff01614         2   func ,g         1
  _BSP_IntHandler_237
                                  fff01616         2   func ,g         1
  _BSP_IntHandler_238
                                  fff01618         2   func ,g         1
  _BSP_IntHandler_239
                                  fff0161a         2   func ,g         1
  _BSP_IntHandler_240
                                  fff0161c         2   func ,g         1
  _BSP_IntHandler_241
                                  fff0161e         2   func ,g         1
  _BSP_IntHandler_242
                                  fff01620         2   func ,g         1
  _BSP_IntHandler_243
                                  fff01622         2   func ,g         1
  _BSP_IntHandler_244
                                  fff01624         2   func ,g         1
  _BSP_IntHandler_245
                                  fff01626         2   func ,g         1
  _BSP_IntHandler_246
                                  fff01628         2   func ,g         1
  _BSP_IntHandler_247
                                  fff0162a         2   func ,g         1
  _BSP_IntHandler_248
                                  fff0162c         2   func ,g         1
  _BSP_IntHandler_249
                                  fff0162e         2   func ,g         1
  _BSP_IntHandler_250
                                  fff01630         2   func ,g         1
  _BSP_IntHandler_251
                                  fff01632         2   func ,g         1
  _BSP_IntHandler_252
                                  fff01634         2   func ,g         1
  _BSP_IntHandler_253
                                  fff01636         2   func ,g         1
  _BSP_IntHandler_254
                                  fff01638         2   func ,g         1
  _BSP_IntHandler_255
                                  fff0163a         2   func ,g         1
FILE=.\micrium\BSP\bsp_sys.obj
                                  fff0163c  fff01715        da
  _BSP_SysInit
                                  fff0163c        5f   func ,g         1
  _BSP_SysPerClkFreqGet
                                  fff0169b        7b   func ,g         2
FILE=.\micrium\BSP\cpu_bsp.obj
                                  fff01716  fff01775        60
  _CPU_TS_TmrInit
                                  fff01716        53   func ,g         1
  _CPU_TS_TmrRd
                                  fff01769         8   func ,g         6
  _CPU_TS32_to_uSec
                                  fff01771         5   func ,g         0
FILE=.\micrium\BSP\os_bsp.obj
                                  fff01776  fff0180f        9a
  _OS_BSP_TickInit
                                  fff01776        82   func ,g         1
  _OS_BSP_TickISR
                                  fff017f8        18   func ,g         2
FILE=.\micrium\uC-CPU\cpu_core.obj
                                  fff01810  fff01c5f       450
  _CPU_Init
                                  fff01810         9   func ,g         1
  _CPU_SW_Exception
                                  fff01819         2   func ,g        11
  _CPU_NameClr
                                  fff0181b        33   func ,g         1
  _CPU_NameGet
                                  fff0184e        49   func ,g         0
  _CPU_NameSet
                                  fff01897        5c   func ,g         0
  _CPU_TS_Get32
                                  fff018f3        40   func ,g        19
  _CPU_TS_Update
                                  fff01933         2   func ,g         1
  _CPU_TS_TmrFreqGet
                                  fff01935        20   func ,g         0
  _CPU_TS_TmrFreqSet
                                  fff01955         9   func ,g         1
  _CPU_IntDisMeasMaxCurReset
                                  fff0195e        28   func ,g         1
  _CPU_IntDisMeasMaxCurGet
                                  fff01986        26   func ,g         1
  _CPU_IntDisMeasMaxGet
                                  fff019ac        26   func ,g         1
  _CPU_IntDisMeasStart
                                  fff019d2        2f   func ,g        5a
  _CPU_IntDisMeasStop
                                  fff01a01        43   func ,g        99
  _CPU_CntLeadZeros
                                  fff01a44         2   func ,g         2
  _CPU_CntLeadZeros08
                                  fff01a46         a   func ,g         1
  _CPU_CntLeadZeros16
                                  fff01a50        18   func ,g         1
  _CPU_CntLeadZeros32
                                  fff01a68        39   func ,g         2
  _CPU_CntLeadZeros64
                                  fff01aa1        a1   func ,g         1
  _CPU_CntTrailZeros
                                  fff01b42        17   func ,g         0
  _CPU_CntTrailZeros08
                                  fff01b59        17   func ,g         0
  _CPU_CntTrailZeros16
                                  fff01b70        18   func ,g         0
  _CPU_CntTrailZeros32
                                  fff01b88        17   func ,g         0
  _CPU_CntTrailZeros64
                                  fff01b9f        1f   func ,g         0
  _CPU_NameInit
                                  fff01bbe         3   func ,l         1
  _CPU_TS_Init
                                  fff01bc1        23   func ,l         1
  _CPU_IntDisMeasInit
                                  fff01be4        68   func ,l         1
  _CPU_IntDisMeasMaxCalc
                                  fff01c4c        14   func ,l         2
FILE=.\micrium\uC-LIB\lib_ascii.obj
                                  fff01c60  fff01ded       18e
  _ASCII_IsAlpha
                                  fff01c60        1d   func ,g         0
  _ASCII_IsAlphaNum
                                  fff01c7d        26   func ,g         1
  _ASCII_IsLower
                                  fff01ca3         c   func ,g         1
  _ASCII_IsUpper
                                  fff01caf         c   func ,g         0
  _ASCII_IsDig
                                  fff01cbb         b   func ,g         1
  _ASCII_IsDigOct
                                  fff01cc6         b   func ,g         0
  _ASCII_IsDigHex
                                  fff01cd1        24   func ,g         2
  _ASCII_IsBlank
                                  fff01cf5        13   func ,g         0
  _ASCII_IsSpace
                                  fff01d08        22   func ,g         1
  _ASCII_IsPrint
                                  fff01d2a        16   func ,g         1
  _ASCII_IsGraph
                                  fff01d40        16   func ,g         0
  _ASCII_IsPunct
                                  fff01d56        49   func ,g         0
  _ASCII_IsCtrl
                                  fff01d9f        15   func ,g         0
  _ASCII_ToLower
                                  fff01db4        10   func ,g         6
  _ASCII_ToUpper
                                  fff01dc4        10   func ,g         2
  _ASCII_Cmp
                                  fff01dd4        1a   func ,g         0
FILE=.\micrium\uC-LIB\lib_math.obj
                                  fff01dee  fff01e69        7c
  _Math_Init
                                  fff01dee         4   func ,g         0
  _Math_RandSetSeed
                                  fff01df2        32   func ,g         1
  _Math_Rand
                                  fff01e24        39   func ,g         0
  _Math_RandSeed
                                  fff01e5d         d   func ,g         1
FILE=.\micrium\uC-LIB\lib_mem.obj
                                  fff01e6a  fff02a87       c1e
  _Mem_Init
                                  fff01e6a        3f   func ,g         1
  _Mem_Clr
                                  fff01ea9         6   func ,g         1
  _Mem_Set
                                  fff01eaf        4f   func ,g         1
  _Mem_Copy
                                  fff01efe        5d   func ,g         1
  _Mem_Move
                                  fff01f5b        90   func ,g         0
  _Mem_Cmp
                                  fff01feb        b9   func ,g         0
  _Mem_HeapAlloc
                                  fff020a4        30   func ,g         0
  _Mem_HeapGetSizeRem
                                  fff020d4        22   func ,g         0
  _Mem_SegCreate
                                  fff020f6        aa   func ,g         1
  _Mem_SegClr
                                  fff021a0        42   func ,g         0
  _Mem_SegRemSizeGet
                                  fff021e2        89   func ,g         1
  _Mem_SegAlloc
                                  fff0226b        1f   func ,g         0
  _Mem_SegAllocExt
                                  fff0228a        20   func ,g         0
  _Mem_SegAllocHW
                                  fff022aa        20   func ,g         0
  _Mem_PoolCreate
                                  fff022ca       19a   func ,g         0
  _Mem_PoolClr
                                  fff02464        2a   func ,g         1
  _Mem_PoolBlkGet
                                  fff0248e        7a   func ,g         0
  _Mem_PoolBlkFree
                                  fff02508        c0   func ,g         0
  _Mem_PoolBlkGetNbrAvail
                                  fff025c8        47   func ,g         0
  _Mem_DynPoolCreate
                                  fff0260f        29   func ,g         0
  _Mem_DynPoolCreateHW
                                  fff02638        2a   func ,g         0
  _Mem_DynPoolBlkGet
                                  fff02662        de   func ,g         0
  _Mem_DynPoolBlkFree
                                  fff02740        9e   func ,g         0
  _Mem_DynPoolBlkNbrAvailGet
                                  fff027de        5a   func ,g         0
  _Mem_SegCreateCritical
                                  fff02838        1c   func ,l         2
  _Mem_SegOverlapChkCritical
                                  fff02854        43   func ,l         2
  _Mem_SegAllocInternal
                                  fff02897        95   func ,l         8
  _Mem_SegAllocExtCritical
                                  fff0292c        57   func ,l         2
  _Mem_DynPoolCreateInternal
                                  fff02983        e5   func ,l         2
  _Mem_PoolBlkIsValidAddr
                                  fff02a68        20   func ,l         1
FILE=.\micrium\uC-LIB\lib_str.obj
                                  fff02a88  fff03132       6ab
  _Str_Len
                                  fff02a88         5   func ,g         0
  _Str_Len_N
                                  fff02a8d        19   func ,g         5
  _Str_Copy
                                  fff02aa6         5   func ,g         0
  _Str_Copy_N
                                  fff02aab        4d   func ,g         3
  _Str_Cat
                                  fff02af8         5   func ,g         0
  _Str_Cat_N
                                  fff02afd        69   func ,g         1
  _Str_Cmp
                                  fff02b66         5   func ,g         0
  _Str_Cmp_N
                                  fff02b6b        7e   func ,g         2
  _Str_CmpIgnoreCase
                                  fff02be9         5   func ,g         0
  _Str_CmpIgnoreCase_N
                                  fff02bee        a7   func ,g         1
  _Str_Char
                                  fff02c95         7   func ,g         0
  _Str_Char_N
                                  fff02c9c        39   func ,g         1
  _Str_Char_Last
                                  fff02cd5         7   func ,g         0
  _Str_Char_Last_N
                                  fff02cdc        36   func ,g         1
  _Str_Char_Replace
                                  fff02d12         5   func ,g         0
  _Str_Char_Replace_N
                                  fff02d17        30   func ,g         1
  _Str_Str
                                  fff02d47         5   func ,g         0
  _Str_Str_N
                                  fff02d4c        70   func ,g         1
  _Str_FmtNbr_Int32U
                                  fff02dbc        18   func ,g         0
  _Str_FmtNbr_Int32S
                                  fff02dd4        2f   func ,g         0
  _Str_ParseNbr_Int32U
                                  fff02e03         d   func ,g         0
  _Str_ParseNbr_Int32S
                                  fff02e10        39   func ,g         0
  _Str_FmtNbr_Int32
                                  fff02e49       17c   func ,l         2
  _Str_ParseNbr_Int32
                                  fff02fc5       16e   func ,l         2
FILE=.\micrium\uCOS-III\Ports\Renesas\RX\RXC\os_cpu_a.obj
                                  fff03133  fff031d3        a1
  _OSStartHighRdy
                                  fff03133         0   none ,g         1
  _OSCtxSwISR
                                  fff03157         0   none ,g         1
FILE=.\micrium\uCOS-III\Ports\Renesas\RX\RXC\os_cpu_c.obj
                                  fff031d4  fff03322       14f
  _OSIdleTaskHook
                                  fff031d4         1   func ,g         1
  _OSInitHook
                                  fff031d5        25   func ,g         1
  _OSStatTaskHook
                                  fff031fa         1   func ,g         1
  _OSTaskCreateHook
                                  fff031fb         1   func ,g         1
  _OSTaskDelHook
                                  fff031fc         1   func ,g         0
  _OSTaskReturnHook
                                  fff031fd         1   func ,g         1
  _OSTaskStkInit
                                  fff031fe        b1   func ,g         1
  _OSTaskSwHook
                                  fff032af        5b   func ,g         2
  _OSTimeTickHook
                                  fff0330a         4   func ,g         1
  _OSCtxSw
                                  fff0330e         9   func ,g         1
  _OSIntCtxSw
                                  fff03317         9   func ,g         1
  _OS_KA_IPL_BoundaryGet
                                  fff03320         3   func ,g         0
FILE=.\micrium\uCOS-III\Source\os_cfg_app.obj
                                  fff03323  fff03323         1
  _OSCfg_Init
                                  fff03323         1   func ,g         1
FILE=.\micrium\uCOS-III\Source\os_core.obj
                                  fff03324  fff03ee5       bc2
  _OSInit
                                  fff03324       143   func ,g         1
  _OSIntEnter
                                  fff03467        1e   func ,g         1
  _OSIntExit
                                  fff03485        a5   func ,g         1
  _OSSched
                                  fff0352a        8e   func ,g        15
  _OSSchedLock
                                  fff035b8        5a   func ,g         2
  _OSSchedUnlock
                                  fff03612        7f   func ,g         2
  _OSSchedRoundRobinCfg
                                  fff03691        56   func ,g         0
  _OSSchedRoundRobinYield
                                  fff036e7        a8   func ,g         0
  _OSStart
                                  fff0378f        53   func ,g         1
  _OSVersion
                                  fff037e2         8   func ,g         0
  _OS_IdleTask
                                  fff037ea        43   func ,g         1
  _OS_IdleTaskInit
                                  fff0382d        53   func ,g         1
  _OS_Pend
                                  fff03880        4b   func ,g         6
  _OS_PendAbort
                                  fff038cb        92   func ,g         1
  _OS_PendAbort1
                                  fff0395d        27   func ,g         2
  _OS_PendDataInit
                                  fff03984        35   func ,g         1
  _OS_PendDbgNameAdd
                                  fff039b9        3a   func ,g         1
  _OS_PendDbgNameRemove
                                  fff039f3        18   func ,g         2
  _OS_PendListChangePrio
                                  fff03a0b        30   func ,g         2
  _OS_PendListInit
                                  fff03a3b         9   func ,g         8
  _OS_PendListInsertHead
                                  fff03a44        1d   func ,g         0
  _OS_PendListInsertPrio
                                  fff03a61        5c   func ,g         2
  _OS_PendListRemove
                                  fff03abd        2a   func ,g         8
  _OS_PendListRemove1
                                  fff03ae7        35   func ,g         2
  _OS_PendObjDel
                                  fff03b1c        86   func ,g         0
  _OS_PendObjDel1
                                  fff03ba2        27   func ,g         2
  _OS_Post
                                  fff03bc9        ac   func ,g         6
  _OS_Post1
                                  fff03c75        32   func ,g         2
  _OS_RdyListInit
                                  fff03ca7        18   func ,g         1
  _OS_RdyListInsert
                                  fff03cbf        23   func ,g         7
  _OS_RdyListInsertHead
                                  fff03ce2        3e   func ,g         2
  _OS_RdyListInsertTail
                                  fff03d20        3d   func ,g         4
  _OS_RdyListMoveHeadToTail
                                  fff03d5d        32   func ,g         2
  _OS_RdyListRemove
                                  fff03d8f        64   func ,g         6
  _OS_SchedLockTimeMeasStart
                                  fff03df3        19   func ,g         1
  _OS_SchedLockTimeMeasStop
                                  fff03e0c        36   func ,g         1
  _OS_SchedRoundRobin
                                  fff03e42        7f   func ,g         1
  _OS_TaskBlock
                                  fff03ec1        25   func ,g         1
FILE=.\micrium\uCOS-III\Source\os_dbg.obj
                                  fff03ee6  fff03ee6         1
  _OS_Dbg_Init
                                  fff03ee6         1   func ,g         1
FILE=.\micrium\uCOS-III\Source\os_flag.obj
                                  fff03ee7  fff04478       592
  _OSFlagCreate
                                  fff03ee7        59   func ,g         0
  _OSFlagPend
                                  fff03f40       2db   func ,g         0
  _OSFlagPendGetFlagsRdy
                                  fff0421b        3a   func ,g         0
  _OSFlagPost
                                  fff04255        22   func ,g         0
  _OS_FlagBlock
                                  fff04277        1e   func ,g         1
  _OS_FlagClr
                                  fff04295        17   func ,g         0
  _OS_FlagInit
                                  fff042ac        15   func ,g         1
  _OS_FlagDbgListAdd
                                  fff042c1        23   func ,g         1
  _OS_FlagDbgListRemove
                                  fff042e4        2f   func ,g         0
  _OS_FlagPost
                                  fff04313       12b   func ,g         1
  _OS_FlagTaskRdy
                                  fff0443e        3b   func ,g         1
FILE=.\micrium\uCOS-III\Source\os_mem.obj
                                  fff04479  fff045ce       156
  _OSMemCreate
                                  fff04479        79   func ,g         0
  _OSMemGet
                                  fff044f2        4b   func ,g         0
  _OSMemPut
                                  fff0453d        62   func ,g         0
  _OS_MemDbgListAdd
                                  fff0459f        1b   func ,g         1
  _OS_MemInit
                                  fff045ba        15   func ,g         1
FILE=.\micrium\uCOS-III\Source\os_msg.obj
                                  fff045cf  fff04737       169
  _OS_MsgPoolInit
                                  fff045cf        4b   func ,g         1
  _OS_MsgQFreeAll
                                  fff0461a        30   func ,g         2
  _OS_MsgQInit
                                  fff0464a         d   func ,g         4
  _OS_MsgQGet
                                  fff04657        5c   func ,g         2
  _OS_MsgQPut
                                  fff046b3        85   func ,g         2
FILE=.\micrium\uCOS-III\Source\os_mutex.obj
[...]
  _thread1
                                  fff0797b        3a   func ,g         1
FILE=.\src\rtos_launcher.obj
                                  fff079b5  fff07a12        5e
  _main
                                  fff079b5        5e   func ,g         1
FILE=freopen
                                  fff07a13  fff07a41        2f
  _freopen
                                  fff07a13        2f   func ,g         3
FILE=fclose
                                  fff07a42  fff07a95        54
  _fclose
                                  fff07a42        54   func ,g         4
FILE=printf
                                  fff07a96  fff07ad4        3f
  _prout
                                  fff07a96        1d   func ,l         1
  _printf
                                  fff07ab3        22   func ,g         3
FILE=__COM_DIV64u
                                  fff07ad5  fff07b6d        99
  __COM_DIV64u
                                  fff07ad5         0   none ,g         4
  _Loop_Init
                                  fff07adf         0   none ,l         2
  _Loop
                                  fff07ae7         0   none ,l         1
  _DivStart
                                  fff07af3         0   none ,l         3
  _Success
                                  fff07b01         0   none ,l         1
  _DivEnd
                                  fff07b0d         0   none ,l         0
  IXI6DIV
                                  fff07b12         0   none ,l         1
  IXI4DIV
                                  fff07b24         0   none ,l         1
  IXI2DIV
                                  fff07b34         0   none ,l         1
  I8I2DIV
                                  fff07b3c         0   none ,l         1
  I4I2DIV
                                  fff07b6a         0   none ,l         1
  _i8divU_End
                                  fff07b6d         0   none ,l         0
FILE=__initsct
                                  fff07b6e  fff07bb7        4a
  __INITSCT
                                  fff07b6e         0   none ,g         1
  loop1
                                  fff07b80         0   none ,l         1
  next_loop1
                                  fff07b8e         0   none ,l         2
  loop3
                                  fff07ba0         0   none ,l         1
  next_loop3
                                  fff07bb1         0   none ,l         2
FILE=malloc
                                  fff07bb8  fff07c95        de
  _findmem
                                  fff07bb8        7b   func ,l         1
  _malloc
                                  fff07c33        63   func ,g         5
FILE=fwrite
                                  fff07c96  fff07d66        d1
  _fwrite
                                  fff07c96        d1   func ,g         1
FILE=fflush
                                  fff07d67  fff07dee        88
  _fflush
                                  fff07d67        88   func ,g         5
FILE=xfoprep
                                  fff07def  fff07ecd        df
  __Foprep
                                  fff07def        df   func ,g         1
FILE=xfofind
                                  fff07ece  fff07f5b        8e
  __Fofind
                                  fff07ece        45   func ,g         0
  __Fofree
                                  fff07f13        49   func ,g         2
FILE=xprintf
                                  fff07f5c  fff081d2       277
  __Printf
                                  fff07f5c       277   func ,g         1
FILE=free
                                  fff081d3  fff08255        83
  _free
                                  fff081d3        83   func ,g         4
FILE=xgetmem
                                  fff08256  fff0826d        18
  __Getmem
                                  fff08256        18   func ,g         1
FILE=xfwprep
                                  fff0826e  fff08306        99
  __Fwprep
                                  fff0826e        99   func ,g         1
FILE=xputfld
                                  fff08307  fff08797       491
  __Putfld
                                  fff08307       491   func ,g         1
FILE=xfopen
                                  fff08798  fff087c7        30
  __Fopen
                                  fff08798        30   func ,g         1
FILE=xvacopy
                                  fff087c8  fff087cf         8
  __Vacopy
                                  fff087c8         8   func ,g         2
FILE=xputtxt
                                  fff087d0  fff08ab2       2e3
  __Puttxt
                                  fff087d0       2e3   func ,g         3
FILE=strchr
                                  fff08ab3  fff08ac9        17
  _strchr
                                  fff08ab3        17   func ,g         2
FILE=xctype
                                  fff08aca  fff08adf        16
  __Getpctype
                                  fff08aca        16   func ,g         0
FILE=xldtob
                                  fff08ae0  fff08fcc       4ed
  __Ldtob
                                  fff08ae0       4ed   func ,g         1
FILE=xputstr
                                  fff08fcd  fff090aa        de
  __Putstr
                                  fff08fcd        de   func ,g         1
FILE=xlitob
                                  fff090ab  fff091c9       11f
  __Litob
                                  fff090ab       11f   func ,g         1
FILE=xgenld
                                  fff091ca  fff0947f       2b6
  __Genld
                                  fff091ca       2b6   func ,g         1
FILE=xwctomb
                                  fff09480  fff095e3       164
  __Wctombx
                                  fff09480       11d   func ,g         1
  __Wctomb
                                  fff0959d        47   func ,g         1
FILE=xstate
                                  fff095e4  fff09615        32
  __Getmbcurmax
                                  fff095e4        16   func ,g         2
  __Getpmbstate
                                  fff095fa        1c   func ,g         0
FILE=xldscale
                                  fff09616  fff09619         4
  __LDscale
                                  fff09616         4   func ,g         1
FILE=xldunsca
                                  fff0961a  fff0961d         4
  __LDunscale
                                  fff0961a         4   func ,g         1
FILE=__COM_DIVd
                                  fff0961e  fff097fa       1dd
  exception1
                                  fff0961e         0   none ,l         1
  exception2
                                  fff0962d         0   none ,l         1
  exception3
                                  fff09635         0   none ,l         1
  normalize1
                                  fff09648         0   none ,l         1
  p1_norm_loop
                                  fff09653         0   none ,l         1
  exception4
                                  fff09689         0   none ,l         1
  normalize2
                                  fff0968f         0   none ,l         0
  p2_norm_loop
                                  fff0969a         0   none ,l         1
  return_zero
                                  fff096c7         0   none ,l         4
  return_inf
                                  fff096d2         0   none ,l         3
  return_NaN
                                  fff096e5         0   none ,l         4
  __COM_DIVd
                                  fff096f0         0   none ,g         1
  exception_return3
                                  fff09724         0   none ,l         5
  exception_return4
                                  fff09729         0   none ,l         5
  div_loop
                                  fff0974a         0   none ,l         2
  man_sub
                                  fff0975d         0   none ,l         1
  over_sub
                                  fff09768         0   none ,l         1
  end_man_cal
                                  fff09770         0   none ,l         1
  end_sticky_cal
                                  fff09775         0   none ,l         1
  end_norm
                                  fff09783         0   none ,l         1
  denormalize_loop
                                  fff09790         0   none ,l         1
  next_loop
                                  fff09798         0   none ,l         1
  round_denormal
                                  fff097a0         0   none ,l         1
  end_round_d
                                  fff097ba         0   none ,l         4
  end_denormal
                                  fff097bc         0   none ,l         1
  end_denormal_0
                                  fff097cc         0   none ,l         1
  return_value
                                  fff097da         0   none ,l         1
  end_round
                                  fff097da         0   none ,l         3
  return
                                  fff097f4         0   none ,l         0
FILE=__COM_MOD64u
                                  fff097fb  fff09881        87
  __COM_MOD64u
                                  fff097fb         0   none ,g         1
  _Loop_Init
                                  fff09805         0   none ,l         2
  _Loop
                                  fff09809         0   none ,l         1
  _DivStart
                                  fff09815         0   none ,l         3
  _Success
                                  fff09823         0   none ,l         1
  _DivEnd
                                  fff0982b         0   none ,l         0
  IXI6DIV
                                  fff0982c         0   none ,l         1
  IXI4DIV
                                  fff0983e         0   none ,l         1
  IXI2DIV
                                  fff0984e         0   none ,l         1
  I8I2DIV
                                  fff09856         0   none ,l         1
  I4I2DIV
                                  fff09876         0   none ,l         1
FILE=_div
                                  fff09882  fff0988d         c
  _ldiv
                                  fff09882         0   none ,g         1
  _div
                                  fff09882         0   none ,g         1
FILE=__COM_ADDd_SUBd
                                  fff0988e  fff09b02       275
  __COM_SUBd
                                  fff0988e         0   none ,g         2
  __COM_ADDd
                                  fff09895         0   none ,g         0
  non_swap
                                  fff098b6         0   none ,l         1
  swap
                                  fff098b9         0   none ,l         2
  swap_end
                                  fff098bf         0   none ,l         1
  x_normal
                                  fff098e2         0   none ,l         1
  shift_more_than_32
                                  fff09927         0   none ,l         1
  set_sticky
                                  fff09948         0   none ,l         1
  after_shift
                                  fff0994f         0   none ,l         2
  round1
                                  fff09966         0   none ,l         6
  round_end
                                  fff0997d         0   none ,l         2
  return
                                  fff09996         0   none ,l         2
  return_x_asis
                                  fff09999         0   none ,l         1
  pack
                                  fff099a6         0   none ,l         6
  inf_or_nan
                                  fff099b3         0   none ,l         1
  return_nan
                                  fff099c5         0   none ,l         1
  zero_or_den
                                  fff099d0         0   none ,l         1
  add_ovf
                                  fff099ec         0   none ,l         1
  subtract
                                  fff09a0c         0   none ,l         1
  sub_underflow
                                  fff09a21         0   none ,l         2
  normalize1
                                  fff09a34         0   none ,l         1
  normalize2
                                  fff09a48         0   none ,l         1
  normalize3
                                  fff09a5c         0   none ,l         1
  normalize4
                                  fff09a6f         0   none ,l         1
  normalize5
                                  fff09a7d         0   none ,l         1
  den_shift_more_than_32
                                  fff09aa5         0   none ,l         1
  shift_end
                                  fff09ab5         0   none ,l         1
  sub_underflow1
                                  fff09aba         0   none ,l         1
  denormal
                                  fff09ad3         0   none ,l         1
  x_normal_preparation
                                  fff09aea         0   none ,l         1
  den_add
                                  fff09af1         0   none ,l         1
FILE=__COM_CMPGTd
                                  fff09b03  fff09b76        74
  __COM_CMPGTd
                                  fff09b03         0   none ,g         2
  exception_return1
                                  fff09b23         0   none ,l         1
  exception_return2
                                  fff09b27         0   none ,l         1
  exception_return3
                                  fff09b2b         0   none ,l         3
  minus
                                  fff09b41         0   none ,l         1
  sign_def
                                  fff09b4c         0   none ,l         1
  exception1
                                  fff09b54         0   none ,l         1
  exception2
                                  fff09b5d         0   none ,l         1
  exception3
                                  fff09b66         0   none ,l         1
FILE=__COM_CMPLEd
                                  fff09b77  fff09bee        78
  __COM_CMPLEd
                                  fff09b77         0   none ,g         3
  exception_return1
                                  fff09b97         0   none ,l         1
  exception_return2
                                  fff09b9b         0   none ,l         1
  exception_return3
                                  fff09b9f         0   none ,l         3
  minus
                                  fff09bb6         0   none ,l         1
  sign_def
                                  fff09bc4         0   none ,l         1
  return
                                  fff09bc9         0   none ,l         0
  exception1
                                  fff09bcc         0   none ,l         1
  exception2
                                  fff09bd5         0   none ,l         1
  exception3
                                  fff09bde         0   none ,l         1
FILE=__COM_CONV32sd
                                  fff09bef  fff09c4c        5e
  __COM_CONV32sd
                                  fff09bef         0   none ,g         2
  exponent_set
                                  fff09bfc         0   none ,l         1
  count_upper_24
                                  fff09c12         0   none ,l         1
  count_upper_28
                                  fff09c1a         0   none ,l         1
  count_upper_30
                                  fff09c22         0   none ,l         1
  result
                                  fff09c2a         0   none ,l         1
  nlz_count_exit
                                  fff09c34         0   none ,l         1
  round1
                                  fff09c39         0   none ,l         1
  pack
                                  fff09c3b         0   none ,l         0
  return
                                  fff09c49         0   none ,l         0
  return_zero
                                  fff09c4a         0   none ,l         1
FILE=__COM_CONVd32
                                  fff09c4d  fff09cd4        88
  __COM_CONVd32u
                                  fff09c4d         0   none ,g         0
  __COM_CONVd32s
                                  fff09c50         0   none ,g         2
  unpack
                                  fff09c53         0   none ,l         1
  r_shift
                                  fff09ca0         0   none ,l         1
  end_shift
                                  fff09ca5         0   none ,l         1
  return
                                  fff09cad         0   none ,l         4
  return_zero
                                  fff09cae         0   none ,l         1
  return_max_min
                                  fff09cb1         0   none ,l         1
  return_unsigned
                                  fff09cc7         0   none ,l         2
FILE=__COM_MULd
                                  fff09cd5  fff09ec5       1f1
  __COM_MULd
                                  fff09cd5         0   none ,g         3
  non_swap
                                  fff09cf2         0   none ,l         1
  swap
                                  fff09cf3         0   none ,l         2
  swap_end
                                  fff09cf9         0   none ,l         1
  x_normal
                                  fff09d1c         0   none ,l         1
  after_mul_ovf_adjust
                                  fff09d96         0   none ,l         1
  round1
                                  fff09da3         0   none ,l         1
  round_end
                                  fff09db1         0   none ,l         2
  return
                                  fff09dca         0   none ,l         0
  reflect_sign
                                  fff09dcd         0   none ,l         0
  inf_or_nan
                                  fff09dd6         0   none ,l         1
  return_inf
                                  fff09de0         0   none ,l         1
  return_nan
                                  fff09dee         0   none ,l         2
  zero_or_den
                                  fff09df9         0   none ,l         1
  return_zero
                                  fff09dff         0   none ,l         2
  denormal
                                  fff09e0a         0   none ,l         1
  normalize2
                                  fff09e22         0   none ,l         2
  normalize3
                                  fff09e34         0   none ,l         1
  normalize4
                                  fff09e47         0   none ,l         1
  normalize5
                                  fff09e5b         0   none ,l         1
  normalize6
                                  fff09e6e         0   none ,l         1
  normalize7
                                  fff09e7c         0   none ,l         1
  return_denormal
                                  fff09e7f         0   none ,l         1
  after_shift_32
                                  fff09e9d         0   none ,l         1
FILE=localeco
                                  fff09ec6  fff09ecc         7
  _localeconv
                                  fff09ec6         7   func ,g         1
FILE=xwcstate
                                  fff09ecd  fff09ee8        1c
  __Getpwcstate
                                  fff09ecd        1c   func ,g         0
FILE=xdscale
                                  fff09ee9  fff0a084       19c
  __Dscale
                                  fff09ee9       19c   func ,g         1
FILE=xdunscal
                                  fff0a085  fff0a0ee        6a
  __Dunscale
                                  fff0a085        6a   func ,g         1
FILE=xdnorm
                                  fff0a0ef  fff0a1b8        ca
  __Dnorm
                                  fff0a0ef        ca   func ,g         2

SECTION=FIXEDVECT
FILE=.\r_bsp\board\rdkrx63n\vecttbl.obj
                                  ffffff80  ffffffff        80
  _Fixed_Vectors
                                  ffffff80        80   data ,g         0

*** Delete Symbols ***

SYMBOL                                SIZE    INFO
