Renesas Optimizing Linker (W1.00.00 )             29-Jan-2017 20:39:29

*** Options ***

-subcommand=LinkerSubCommand.tmp
-input="./micrium/BSP/bsp.obj"
-input="./micrium/BSP/bsp_int_vect_tbl.obj"
-input="./micrium/BSP/bsp_sys.obj"
-input="./micrium/BSP/cpu_bsp.obj"
-input="./micrium/BSP/os_bsp.obj"
-input="./micrium/rtos_launcher.obj"
-input="./micrium/uC-CPU/cpu_core.obj"
-input="./micrium/uC-LIB/lib_ascii.obj"
-input="./micrium/uC-LIB/lib_math.obj"
-input="./micrium/uC-LIB/lib_mem.obj"
-input="./micrium/uC-LIB/lib_str.obj"
-input="./micrium/uCOS-III/Ports/Renesas/RX/RXC/os_cpu_a.obj"
-input="./micrium/uCOS-III/Ports/Renesas/RX/RXC/os_cpu_c.obj"
-input="./micrium/uCOS-III/Source/os_cfg_app.obj"
-input="./micrium/uCOS-III/Source/os_core.obj"
-input="./micrium/uCOS-III/Source/os_dbg.obj"
-input="./micrium/uCOS-III/Source/os_flag.obj"
-input="./micrium/uCOS-III/Source/os_int.obj"
-input="./micrium/uCOS-III/Source/os_mem.obj"
-input="./micrium/uCOS-III/Source/os_msg.obj"
-input="./micrium/uCOS-III/Source/os_mutex.obj"
-input="./micrium/uCOS-III/Source/os_pend_multi.obj"
-input="./micrium/uCOS-III/Source/os_prio.obj"
-input="./micrium/uCOS-III/Source/os_q.obj"
-input="./micrium/uCOS-III/Source/os_sem.obj"
-input="./micrium/uCOS-III/Source/os_stat.obj"
-input="./micrium/uCOS-III/Source/os_task.obj"
-input="./micrium/uCOS-III/Source/os_tick.obj"
-input="./micrium/uCOS-III/Source/os_time.obj"
-input="./micrium/uCOS-III/Source/os_tmr.obj"
-input="./micrium/uCOS-III/Source/os_var.obj"
-input="./r_bsp/board/rdkrx63n/dbsct.obj"
-input="./r_bsp/board/rdkrx63n/hwsetup.obj"
-input="./r_bsp/board/rdkrx63n/lowlvl.obj"
-input="./r_bsp/board/rdkrx63n/lowsrc.obj"
-input="./r_bsp/board/rdkrx63n/resetprg.obj"
-input="./r_bsp/board/rdkrx63n/sbrk.obj"
-input="./r_bsp/board/rdkrx63n/vecttbl.obj"
-input="./r_bsp/mcu/all/r_bsp_common.obj"
-input="./r_bsp/mcu/rx63n/cpu.obj"
-input="./r_bsp/mcu/rx63n/locking.obj"
-input="./r_bsp/mcu/rx63n/mcu_clocks.obj"
-input="./r_bsp/mcu/rx63n/mcu_init.obj"
-input="./r_bsp/mcu/rx63n/mcu_interrupts.obj"
-input="./r_bsp/mcu/rx63n/mcu_locks.obj"
-input="./r_cmt_rx/src/r_cmt_rx.obj"
-input="./r_gpio_rx/src/r_gpio_rx.obj"
-input="./r_gpio_rx/src/targets/rx63n/r_gpio_rx63n.obj"
-input="./src/main.obj"
-input="./src/suart/suart.obj"
-start=SU,SI,B_1,R_1,B_2,R_2,B,R/04,C_1,C_2,C,C$*,D*,W*,L,P*/0FFF00000,FIXEDVECT/0FFFFFF80
-library=C:\Users\Miguel\E2_STU~1\WORKSP~1\RTOS1\HARDWA~2\RTOS1.lib
-noprelink
-list=RTOS1.map
-show
-nooptimize
-debug
-output=C:\Users\Miguel\e2_studio\workspace\RTOS1\HardwareDebug\RTOS1.abs
-rom=D=R,D_1=R_1,D_2=R_2
-nocompress
-vect=_undefined_interrupt_source_isr
-nomessage
-nologo

*** Error information ***

*** Mapping List ***

SECTION                            START      END         SIZE   ALIGN

SU
                                  00000004  00001003      1000   4
SI
                                  00001004  00001403       400   4
B_1
                                  00001404  00006463      5060   1
R_1
                                  00006464  000064b7        54   1
B_2
                                  000064b8  000064e9        32   2
R_2
                                  000064ea  000064ea         0   1
B
                                  000064ec  0000834b      1e60   4
R
                                  0000834c  000089b3       668   4
C_1
                                  fff00000  fff00247       248   1
C_2
                                  fff00248  fff00481       23a   2
C
                                  fff00484  fff007af       32c   4
C$DSEC
                                  fff007b0  fff007d3        24   4
C$BSEC
                                  fff007d4  fff007eb        18   4
C$VECT
                                  fff007ec  fff00beb       400   4
D
                                  fff00bec  fff01253       668   4
D_1
                                  fff01254  fff012a7        54   1
D_2
                                  fff012a8  fff012a8         0   1
W
                                  fff012a8  fff012a8         0   4
W_1
                                  fff012a8  fff012a8         0   1
W_2
                                  fff012a8  fff012b9        12   2
L
                                  fff012bc  fff01438       17d   4
P
                                  fff01439  fff0ab77      973f   1
FIXEDVECT
                                  ffffff80  ffffffff        80   4

*** Symbol List ***

SECTION=
FILE=                               START        END    SIZE
  SYMBOL                            ADDR        SIZE    INFO      COUNTS  OPT

SECTION=SU
FILE=.\r_bsp\board\rdkrx63n\resetprg.obj
                                  00000004  00001003      1000

SECTION=SI
FILE=.\r_bsp\board\rdkrx63n\resetprg.obj
                                  00001004  00001403       400

SECTION=B_1
FILE=.\micrium\uC-CPU\cpu_core.obj
                                  00001404  00001413        10
  _CPU_Name
                                  00001404        10   data ,g         3
FILE=.\micrium\uC-LIB\lib_mem.obj
                                  00001414  00006413      5000
  _Mem_Heap
                                  00001414      5000   data ,g         1
FILE=.\micrium\uCOS-III\Source\os_var.obj
                                  00006414  0000641d         a
  _OSIntNestingCtr
                                  00006414         1   data ,g         4
  _OSRunning
                                  00006415         1   data ,g         7
  _OSPrioCur
                                  00006416         1   data ,g         7
  _OSPrioHighRdy
                                  00006417         1   data ,g         5
  _OSPrioSaved
                                  00006418         1   data ,g         1
  _OSSchedLockNestingCtr
                                  00006419         1   data ,g        12
  _OSSchedRoundRobinEn
                                  0000641a         1   data ,g         4
  _OSStatResetFlag
                                  0000641b         1   data ,g         3
  _OSStatTaskRdy
                                  0000641c         1   data ,g         3
  _OSTaskRegNextAvailID
                                  0000641d         1   data ,g         2
FILE=.\r_bsp\board\rdkrx63n\lowsrc.obj
                                  0000641e  00006445        28
  _flmod
                                  0000641e        14   data ,g         3
  _sml_buf
                                  00006432        14   data ,g         0
FILE=.\src\suart\suart.obj
                                  00006446  00006463        1e
  _tx_bytes
                                  00006446         3   data ,g         3
  _rx_bytes
                                  00006449        1b   data ,g         2

SECTION=R_1
FILE=.\src\suart\suart.obj
                                  00006464  00006466         3
  _txing
                                  00006464         1   data ,g         0
  _rxing
                                  00006465         1   data ,g         0
  _suart_initialized
                                  00006466         1   data ,g         1
FILE=xfiles
                                  00006467  000064b6        50
  _ebuf
                                  00006467        50   data ,l         5
FILE=xstate
                                  000064b7  000064b7         1
  __Mbcurmax
                                  000064b7         1   data ,g         1

SECTION=B_2
FILE=.\micrium\uC-CPU\cpu_core.obj
                                  000064b8  000064c7        10
  _CPU_TS_32_TmrPrev
                                  000064b8         2   data ,g         2
  _CPU_IntDisMeasCtr
                                  000064ba         2   data ,g         2
  _CPU_IntDisNestCtr
                                  000064bc         2   data ,g         3
  _CPU_IntDisMeasStart_cnts
                                  000064be         2   data ,g         3
  _CPU_IntDisMeasStop_cnts
                                  000064c0         2   data ,g         2
  _CPU_IntDisMeasOvrhd_cnts
                                  000064c2         2   data ,g         2
  _CPU_IntDisMeasMaxCur_cnts
                                  000064c4         2   data ,g         4
  _CPU_IntDisMeasMax_cnts
                                  000064c6         2   data ,g         3
FILE=.\micrium\uCOS-III\Source\os_var.obj
                                  000064c8  000064e1        1a
  _OSFlagQty
                                  000064c8         2   data ,g         2
  _OSMemQty
                                  000064ca         2   data ,g         2
  _OSMutexQty
                                  000064cc         2   data ,g         2
  _OSQQty
                                  000064ce         2   data ,g         2
  _OSSchedLockTimeBegin
                                  000064d0         2   data ,g         3
  _OSSchedLockTimeMax
                                  000064d2         2   data ,g         3
  _OSSchedLockTimeMaxCur
                                  000064d4         2   data ,g         3
  _OSSemQty
                                  000064d6         2   data ,g         2
  _OSStatTaskCPUUsage
                                  000064d8         2   data ,g         2
  _OSStatTaskCPUUsageMax
                                  000064da         2   data ,g         3
  _OSTaskQty
                                  000064dc         2   data ,g         2
  _OSTmrListEntries
                                  000064de         2   data ,g         3
  _OSTmrQty
                                  000064e0         2   data ,g         1
FILE=.\r_bsp\mcu\rx63n\cpu.obj
                                  000064e2  000064e9         8
  _g_protect_counters
                                  000064e2         8   data ,l         3

SECTION=B
FILE=.\micrium\rtos_launcher.obj
                                  000064ec  000067b7       2cc
  _mainStk
                                  000064ec       200   data ,l         1
  _mainTCB
                                  000066ec        cc   data ,l         1
FILE=.\micrium\uC-CPU\cpu_core.obj
                                  000067b8  000067bf         8
  _CPU_TS_32_Accum
                                  000067b8         4   data ,g         2
  _CPU_TS_TmrFreq_Hz
                                  000067bc         4   data ,g         3
FILE=.\micrium\uC-LIB\lib_math.obj
                                  000067c0  000067c3         4
  _Math_RandSeedCur
                                  000067c0         4   data ,g         2
FILE=.\micrium\uC-LIB\lib_mem.obj
                                  000067c4  000067db        18
  _Mem_SegHeap
                                  000067c4        14   data ,g         c
  _Mem_SegHeadPtr
                                  000067d8         4   data ,g         3
FILE=.\micrium\uCOS-III\Ports\Renesas\RX\RXC\os_cpu_c.obj
                                  000067dc  000067df         4
  _OS_KA_IPL_Boundary
                                  000067dc         4   data ,g         2
FILE=.\micrium\uCOS-III\Source\os_cfg_app.obj
                                  000067e0  0000781f      1040
  _OSCfg_IdleTaskStk
                                  000067e0       200   data ,g         1
  _OSCfg_ISRStk
                                  000069e0       200   data ,g         1
  _OSCfg_MsgPool
                                  00006be0       640   data ,g         1
  _OSCfg_StatTaskStk
                                  00007220       200   data ,g         1
  _OSCfg_TickTaskStk
                                  00007420       200   data ,g         1
  _OSCfg_TmrTaskStk
                                  00007620       200   data ,g         1
FILE=.\micrium\uCOS-III\Source\os_prio.obj
                                  00007820  00007823         4
  _OSPrioTbl
                                  00007820         4   data ,g         4
FILE=.\micrium\uCOS-III\Source\os_var.obj
                                  00007824  00007cbf       49c
  _OSIdleTaskCtr
                                  00007824         4   data ,g         2
  _OSIdleTaskTCB
                                  00007828        cc   data ,g         4
  _OSIntDisTimeMax
                                  000078f4         4   data ,g         2
  _OSFlagDbgListPtr
                                  000078f8         4   data ,g         3
  _OSMemDbgListPtr
                                  000078fc         4   data ,g         2
  _OSMsgPool
                                  00007900         c   data ,g         5
  _OSMutexDbgListPtr
                                  0000790c         4   data ,g         3
  _OSQDbgListPtr
                                  00007910         4   data ,g         4
  _OSRdyList
                                  00007914        c0   data ,g         9
  _OSSchedRoundRobinDfltTimeQuanta
                                  000079d4         4   data ,g         6
  _OSSemDbgListPtr
                                  000079d8         4   data ,g         3
  _OSStatTaskCtr
                                  000079dc         4   data ,g         4
  _OSStatTaskCtrMax
                                  000079e0         4   data ,g         3
  _OSStatTaskCtrRun
                                  000079e4         4   data ,g         2
  _OSStatTaskTCB
                                  000079e8        cc   data ,g         1
  _OSStatTaskTimeMax
                                  00007ab4         4   data ,g         4
  _OSTaskCtxSwCtr
                                  00007ab8         4   data ,g         3
  _OSTaskDbgListPtr
                                  00007abc         4   data ,g         6
  _OSTickCtr
                                  00007ac0         4   data ,g         5
  _OSTickTaskTCB
                                  00007ac4        cc   data ,g         2
  _OSTickTaskTimeMax
                                  00007b90         4   data ,g         2
  _OSTickListDly
                                  00007b94         8   data ,g         3
  _OSTickListTimeout
                                  00007b9c         8   data ,g         3
  _OSTmrDbgListPtr
                                  00007ba4         4   data ,g         3
  _OSTmrListPtr
                                  00007ba8         4   data ,g         4
  _OSTmrMutex
                                  00007bac        30   data ,g         3
  _OSTmrTaskTCB
                                  00007bdc        cc   data ,g         3
  _OSTmrTaskTimeMax
                                  00007ca8         4   data ,g         3
  _OSTmrTickCtr
                                  00007cac         4   data ,g         2
  _OSTmrUpdateCnt
                                  00007cb0         4   data ,g         2
  _OSTmrUpdateCtr
                                  00007cb4         4   data ,g         2
  _OSTCBCurPtr
                                  00007cb8         4   data ,g        21
  _OSTCBHighRdyPtr
                                  00007cbc         4   data ,g         7
FILE=.\r_bsp\board\rdkrx63n\lowsrc.obj
                                  00007cc0  00007d0f        50
  __Files
                                  00007cc0        50   data ,g         4
FILE=.\r_bsp\board\rdkrx63n\sbrk.obj
                                  00007d10  0000810f       400
  _heap_area
                                  00007d10       400   data ,l         2
FILE=.\r_bsp\mcu\rx63n\mcu_interrupts.obj
                                  00008110  0000813b        2c
  _g_bsp_vectors
                                  00008110        2c   data ,l         4
FILE=.\r_bsp\mcu\rx63n\mcu_locks.obj
                                  0000813c  000082d3       198
  _g_bsp_Locks
                                  0000813c       198   data ,g         2
FILE=.\r_cmt_rx\src\r_cmt_rx.obj
                                  000082d4  000082f3        20
  _g_cmt_modes
                                  000082d4        10   data ,l         5
  _g_cmt_callbacks
                                  000082e4        10   data ,l         2
FILE=.\src\suart\suart.obj
                                  000082f4  00008347        54
  _baudrates
                                  000082f4         c   data ,g         5
  _preload_polls
                                  00008300         c   data ,g         2
  _delta_polls
                                  0000830c         c   data ,g         2
  _rx_cbacks
                                  00008318         c   data ,g         3
  _rx_pins
                                  00008324         c   data ,g         2
  _tx_pins
                                  00008330         c   data ,g         2
  _suart_states
                                  0000833c         c   data ,g         5
FILE=_errno
                                  00008348  0000834b         4
  __errno
                                  00008348         4   data ,g         3

SECTION=R
FILE=.\micrium\BSP\bsp_int_vect_tbl.obj
                                  0000834c  0000874b       400
  _BSP_IntVectTbl
                                  0000834c       400   data ,l         2
FILE=.\r_bsp\board\rdkrx63n\lowsrc.obj
                                  0000874c  0000875f        14
  _env_list
                                  0000874c        10   data ,g         1
  _environ
                                  0000875c         4   data ,g         0
FILE=.\r_bsp\board\rdkrx63n\sbrk.obj
                                  00008760  00008763         4
  _brk
                                  00008760         4   data ,l         1
FILE=.\src\suart\suart.obj
                                  00008764  00008767         4
  _rx_byte_count
                                  00008764         4   data ,g         1
FILE=xfiles
                                  00008768  0000883f        d8
  __Stdin
                                  00008768        48   data ,g         8
  __Stdout
                                  000087b0        48   data ,g         9
  __Stderr
                                  000087f8        48   data ,g         4
FILE=malloc
                                  00008840  00008847         8
  __Aldata
                                  00008840         8   data ,g         3
FILE=xprintf
                                  00008848  0000884b         4
  _stderr
                                  00008848         4   data ,g         0
FILE=xctype
                                  0000884c  00008853         8
  __Ctype
                                  0000884c         4   data ,g         2
  __Tls_setup__Ctype
                                  00008850         4   data ,g         1
FILE=xstate
                                  00008854  0000889b        48
  __Tls_setup__Mbcurmax
                                  00008854         4   data ,g         1
  __Mbstate
                                  00008858        40   data ,g         2
  __Tls_setup__Mbstate
                                  00008898         4   data ,g         2
FILE=localeco
                                  0000889c  000088ef        54
  __Locale
                                  0000889c        50   data ,g         1
  __Tls_setup__Locale
                                  000088ec         4   data ,g         0
FILE=xwcstate
                                  000088f0  00008933        44
  __Wcstate
                                  000088f0        40   data ,g         2
  __Tls_setup__Wcstate
                                  00008930         4   data ,g         2
FILE=xvalues
                                  00008934  000089b3        80
  __Denorm
                                  00008934        10   data ,g         0
  __Eps
                                  00008944        10   data ,g         0
  __Hugeval
                                  00008954        10   data ,g         0
  __Inf
                                  00008964        10   data ,g         1
  __Nan
                                  00008974        10   data ,g         0
  __Snan
                                  00008984        10   data ,g         0
  __Rteps
                                  00008994        10   data ,g         0
  __Xbig
                                  000089a4         8   data ,g         0
  __Zero
                                  000089ac         8   data ,g         0

SECTION=C_1
FILE=.\micrium\uC-CPU\cpu_core.obj
                                  fff00000  fff000ff       100
  _CPU_CntLeadZerosTbl
                                  fff00000       100   data ,l         4
FILE=.\micrium\uCOS-III\Source\os_cfg_app.obj
                                  fff00100  fff00102         3
  _OSCfg_StatTaskPrio
                                  fff00100         1   data ,g         1
  _OSCfg_TickTaskPrio
                                  fff00101         1   data ,g         1
  _OSCfg_TmrTaskPrio
                                  fff00102         1   data ,g         1
FILE=.\micrium\uCOS-III\Source\os_dbg.obj
                                  fff00103  fff00129        27
  _OSDbg_DbgEn
                                  fff00103         1   data ,g         0
  _OSDbg_ArgChkEn
                                  fff00104         1   data ,g         0
  _OSDbg_AppHooksEn
                                  fff00105         1   data ,g         0
  _OSDbg_CalledFromISRChkEn
                                  fff00106         1   data ,g         0
  _OSDbg_FlagEn
                                  fff00107         1   data ,g         0
  _OSDbg_FlagDelEn
                                  fff00108         1   data ,g         0
  _OSDbg_FlagModeClrEn
                                  fff00109         1   data ,g         0
  _OSDbg_FlagPendAbortEn
                                  fff0010a         1   data ,g         0
  _OSDbg_ISRPostDeferredEn
                                  fff0010b         1   data ,g         0
  _OSDbg_MemEn
                                  fff0010c         1   data ,g         0
  _OSDbg_MsgEn
                                  fff0010d         1   data ,g         0
  _OSDbg_MutexEn
                                  fff0010e         1   data ,g         0
  _OSDbg_MutexDelEn
                                  fff0010f         1   data ,g         0
  _OSDbg_MutexPendAbortEn
                                  fff00110         1   data ,g         0
  _OSDbg_ObjTypeChkEn
                                  fff00111         1   data ,g         0
  _OSDbg_PendMultiEn
                                  fff00112         1   data ,g         0
  _OSDbg_QEn
                                  fff00113         1   data ,g         0
  _OSDbg_QDelEn
                                  fff00114         1   data ,g         0
  _OSDbg_QFlushEn
                                  fff00115         1   data ,g         0
  _OSDbg_QPendAbortEn
                                  fff00116         1   data ,g         0
  _OSDbg_SchedRoundRobinEn
                                  fff00117         1   data ,g         0
  _OSDbg_SemEn
                                  fff00118         1   data ,g         0
  _OSDbg_SemDelEn
                                  fff00119         1   data ,g         0
  _OSDbg_SemPendAbortEn
                                  fff0011a         1   data ,g         0
  _OSDbg_SemSetEn
                                  fff0011b         1   data ,g         0
  _OSDbg_StkWidth
                                  fff0011c         1   data ,g         0
  _OSDbg_StatTaskEn
                                  fff0011d         1   data ,g         0
  _OSDbg_StatTaskStkChkEn
                                  fff0011e         1   data ,g         0
  _OSDbg_TaskChangePrioEn
                                  fff0011f         1   data ,g         0
  _OSDbg_TaskDelEn
                                  fff00120         1   data ,g         0
  _OSDbg_TaskQEn
                                  fff00121         1   data ,g         0
  _OSDbg_TaskQPendAbortEn
                                  fff00122         1   data ,g         0
  _OSDbg_TaskProfileEn
                                  fff00123         1   data ,g         0
  _OSDbg_TaskSemPendAbortEn
                                  fff00124         1   data ,g         0
  _OSDbg_TaskSuspendEn
                                  fff00125         1   data ,g         0
  _OSDbg_TimeDlyHMSMEn
                                  fff00126         1   data ,g         0
  _OSDbg_TimeDlyResumeEn
                                  fff00127         1   data ,g         0
  _OSDbg_TmrEn
                                  fff00128         1   data ,g         0
  _OSDbg_TmrDelEn
                                  fff00129         1   data ,g         0
FILE=.\r_gpio_rx\src\targets\rx63n\r_gpio_rx63n.obj
                                  fff0012a  fff00175        4c
  _g_gpio_open_drain_n_support
                                  fff0012a        13   data ,g         1
  _g_gpio_open_drain_p_support
                                  fff0013d        13   data ,g         1
  _g_gpio_pull_up_support
                                  fff00150        13   data ,g         1
  _g_gpio_dscr_support
                                  fff00163        13   data ,g         1
FILE=xprintf
                                  fff00176  fff0017f         a
  _fchar$1
                                  fff00176         a   data ,l         1
FILE=xputtxt
                                  fff00180  fff00224        a5
  _spaces
                                  fff00180        21   data ,l         1
  _zeroes
                                  fff001a1        21   data ,l         1
  _asterisk
                                  fff001c2        21   data ,l         1
  _plus
                                  fff001e3        21   data ,l         1
  _minus
                                  fff00204        21   data ,l         1
FILE=xlitob
                                  fff00225  fff00246        22
  _ldigs
                                  fff00225        11   data ,l         1
  _udigs
                                  fff00236        11   data ,l         1
FILE=localeco
                                  fff00247  fff00247         1
  _null
                                  fff00247         1   data ,l         d

SECTION=C_2
FILE=.\micrium\uCOS-III\Source\os_cfg_app.obj
                                  fff00248  fff0024b         4
  _OSCfg_IntQSize
                                  fff00248         2   data ,g         0
  _OSCfg_MsgPoolSize
                                  fff0024a         2   data ,g         1
FILE=.\micrium\uCOS-III\Source\os_dbg.obj
                                  fff0024c  fff00279        2e
  _OSDbg_FlagGrpSize
                                  fff0024c         2   data ,g         0
  _OSDbg_FlagWidth
                                  fff0024e         2   data ,g         0
  _OSDbg_IntQ
                                  fff00250         2   data ,g         0
  _OSDbg_MemSize
                                  fff00252         2   data ,g         0
  _OSDbg_MsgSize
                                  fff00254         2   data ,g         0
  _OSDbg_MsgPoolSize
                                  fff00256         2   data ,g         0
  _OSDbg_MsgQSize
                                  fff00258         2   data ,g         0
  _OSDbg_MutexSize
                                  fff0025a         2   data ,g         0
  _OSDbg_PendDataSize
                                  fff0025c         2   data ,g         0
  _OSDbg_PendListSize
                                  fff0025e         2   data ,g         0
  _OSDbg_PendObjSize
                                  fff00260         2   data ,g         0
  _OSDbg_PrioMax
                                  fff00262         2   data ,g         0
  _OSDbg_PrioTblSize
                                  fff00264         2   data ,g         0
  _OSDbg_PtrSize
                                  fff00266         2   data ,g         0
  _OSDbg_QSize
                                  fff00268         2   data ,g         0
  _OSDbg_SemSize
                                  fff0026a         2   data ,g         0
  _OSDbg_RdyList
                                  fff0026c         2   data ,g         0
  _OSDbg_TaskRegTblSize
                                  fff0026e         2   data ,g         0
  _OSDbg_TCBSize
                                  fff00270         2   data ,g         0
  _OSDbg_TickListSize
                                  fff00272         2   data ,g         0
  _OSDbg_TLS_TblSize
                                  fff00274         2   data ,g         0
  _OSDbg_TmrSize
                                  fff00276         2   data ,g         0
  _OSDbg_VersionNbr
                                  fff00278         2   data ,g         0
FILE=.\r_bsp\mcu\rx63n\cpu.obj
                                  fff0027a  fff0027f         6
  _g_prcr_masks
                                  fff0027a         6   data ,l         2
FILE=xctype
                                  fff00280  fff00481       202
  _ctyp_tab
                                  fff00280       202   data ,l         1

SECTION=C
FILE=.\micrium\uC-CPU\cpu_core.obj
                                  fff00484  fff00487         4
  _CPU_EndiannessTest
                                  fff00484         4   data ,g         0
FILE=.\micrium\uC-LIB\lib_str.obj
                                  fff00488  fff0051b        94
  _Str_MultOvfThTbl_Int32U
                                  fff00488        94   data ,l         1
FILE=.\micrium\uCOS-III\Source\os_cfg_app.obj
                                  fff0051c  fff0059b        80
  _OSCfg_IdleTaskStkBasePtr
                                  fff0051c         4   data ,g         1
  _OSCfg_IdleTaskStkLimit
                                  fff00520         4   data ,g         1
  _OSCfg_IdleTaskStkSize
                                  fff00524         4   data ,g         1
  _OSCfg_IdleTaskStkSizeRAM
                                  fff00528         4   data ,g         0
  _OSCfg_IntQBasePtr
                                  fff0052c         4   data ,g         0
  _OSCfg_IntQSizeRAM
                                  fff00530         4   data ,g         0
  _OSCfg_IntQTaskStkBasePtr
                                  fff00534         4   data ,g         0
  _OSCfg_IntQTaskStkLimit
                                  fff00538         4   data ,g         0
  _OSCfg_IntQTaskStkSize
                                  fff0053c         4   data ,g         0
  _OSCfg_IntQTaskStkSizeRAM
                                  fff00540         4   data ,g         0
  _OSCfg_ISRStkBasePtr
                                  fff00544         4   data ,g         1
  _OSCfg_ISRStkSize
                                  fff00548         4   data ,g         1
  _OSCfg_ISRStkSizeRAM
                                  fff0054c         4   data ,g         0
  _OSCfg_MsgPoolSizeRAM
                                  fff00550         4   data ,g         0
  _OSCfg_MsgPoolBasePtr
                                  fff00554         4   data ,g         1
  _OSCfg_StatTaskRate_Hz
                                  fff00558         4   data ,g         2
  _OSCfg_StatTaskStkBasePtr
                                  fff0055c         4   data ,g         1
  _OSCfg_StatTaskStkLimit
                                  fff00560         4   data ,g         1
  _OSCfg_StatTaskStkSize
                                  fff00564         4   data ,g         1
  _OSCfg_StatTaskStkSizeRAM
                                  fff00568         4   data ,g         0
  _OSCfg_StkSizeMin
                                  fff0056c         4   data ,g         3
  _OSCfg_TickRate_Hz
                                  fff00570         4   data ,g         8
  _OSCfg_TickTaskStkBasePtr
                                  fff00574         4   data ,g         1
  _OSCfg_TickTaskStkLimit
                                  fff00578         4   data ,g         1
  _OSCfg_TickTaskStkSize
                                  fff0057c         4   data ,g         1
  _OSCfg_TickTaskStkSizeRAM
                                  fff00580         4   data ,g         0
  _OSCfg_TmrTaskRate_Hz
                                  fff00584         4   data ,g         1
  _OSCfg_TmrTaskStkBasePtr
                                  fff00588         4   data ,g         1
  _OSCfg_TmrTaskStkLimit
                                  fff0058c         4   data ,g         1
  _OSCfg_TmrTaskStkSize
                                  fff00590         4   data ,g         1
  _OSCfg_TmrTaskStkSizeRAM
                                  fff00594         4   data ,g         0
  _OSCfg_DataSizeRAM
                                  fff00598         4   data ,g         0
FILE=.\micrium\uCOS-III\Source\os_dbg.obj
                                  fff0059c  fff006a7       10c
  _OSDbg_EndiannessTest
                                  fff0059c         4   data ,g         0
  _OSDbg_FlagGrp
                                  fff005a0        28   data ,g         0
  _OSDbg_Mem
                                  fff005c8        20   data ,g         0
  _OSDbg_Mutex
                                  fff005e8        30   data ,g         0
  _OSDbg_Q
                                  fff00618        30   data ,g         0
  _OSDbg_Sem
                                  fff00648        28   data ,g         0
  _OSDbg_RdyListSize
                                  fff00670         4   data ,g         0
  _OSDbg_Tmr
                                  fff00674        30   data ,g         0
  _OSDbg_DataSize
                                  fff006a4         4   data ,g         0
FILE=.\r_bsp\board\rdkrx63n\dbsct.obj
                                  fff006a8  fff006bf        18
  __CTBL
                                  fff006a8        18   data ,g         0
FILE=.\r_bsp\board\rdkrx63n\lowsrc.obj
                                  fff006c0  fff006c3         4
  __nfiles
                                  fff006c0         4   data ,g         3
FILE=.\r_cmt_rx\src\r_cmt_rx.obj
                                  fff006c4  fff006e3        20
  _g_cmt_channels
                                  fff006c4        10   data ,l         3
  _g_cmt_clock_dividers
                                  fff006d4        10   data ,l         1
FILE=xfoprep
                                  fff006e4  fff0072b        48
  _init$1
                                  fff006e4        48   data ,l         1
FILE=xprintf
                                  fff0072c  fff00743        18
  _fbit$2
                                  fff0072c        18   data ,l         1
FILE=_sbrk_si
                                  fff00744  fff00747         4
  __sbrk_size
                                  fff00744         4   data ,g         1
FILE=xputfld
                                  fff00748  fff0074b         4
  _vpsize$1
                                  fff00748         4   data ,l         0
FILE=xfopen
                                  fff0074c  fff0075b        10
  _rwacc$1
                                  fff0074c        10   data ,l         1
FILE=xvacopy
                                  fff0075c  fff0075f         4
  _vasize$1
                                  fff0075c         4   data ,l         0
FILE=xldtob
                                  fff00760  fff007a7        48
  _pows
                                  fff00760        48   data ,l         1
FILE=xwctomb
                                  fff007a8  fff007af         8
  _initial$1
                                  fff007a8         8   data ,l         0

SECTION=C$DSEC
FILE=.\r_bsp\board\rdkrx63n\dbsct.obj
                                  fff007b0  fff007d3        24
  __DTBL
                                  fff007b0        24   data ,g         0

SECTION=C$BSEC
FILE=.\r_bsp\board\rdkrx63n\dbsct.obj
                                  fff007d4  fff007eb        18
  __BTBL
                                  fff007d4        18   data ,g         0

SECTION=C$VECT
FILE=.\r_bsp\board\rdkrx63n\resetprg.obj
                                  fff007ec  fff00beb       400

SECTION=D
FILE=.\micrium\BSP\bsp_int_vect_tbl.obj
                                  fff00bec  fff00feb       400
FILE=.\r_bsp\board\rdkrx63n\lowsrc.obj
                                  fff00fec  fff00fff        14
FILE=.\r_bsp\board\rdkrx63n\sbrk.obj
                                  fff01000  fff01003         4
FILE=.\src\suart\suart.obj
                                  fff01004  fff01007         4
FILE=xfiles
                                  fff01008  fff010df        d8
FILE=malloc
                                  fff010e0  fff010e7         8
FILE=xprintf
                                  fff010e8  fff010eb         4
FILE=xctype
                                  fff010ec  fff010f3         8
FILE=xstate
                                  fff010f4  fff0113b        48
FILE=localeco
                                  fff0113c  fff0118f        54
FILE=xwcstate
                                  fff01190  fff011d3        44
FILE=xvalues
                                  fff011d4  fff01253        80

SECTION=D_1
FILE=.\src\suart\suart.obj
                                  fff01254  fff01256         3
FILE=xfiles
                                  fff01257  fff012a6        50
FILE=xstate
                                  fff012a7  fff012a7         1

SECTION=W_2
FILE=.\r_gpio_rx\src\r_gpio_rx.obj
                                  fff012a8  fff012b9        12

SECTION=L
FILE=.\micrium\rtos_launcher.obj
                                  fff012bc  fff012c0         5
FILE=.\micrium\uC-LIB\lib_mem.obj
                                  fff012c4  fff012fd        3a
FILE=.\micrium\uCOS-III\Source\os_core.obj
                                  fff01300  fff01325        26
FILE=.\micrium\uCOS-III\Source\os_flag.obj
                                  fff01328  fff0132f         8
FILE=.\micrium\uCOS-III\Source\os_mutex.obj
                                  fff01330  fff01338         9
FILE=.\micrium\uCOS-III\Source\os_q.obj
                                  fff0133c  fff01340         5
FILE=.\micrium\uCOS-III\Source\os_sem.obj
                                  fff01344  fff0134a         7
FILE=.\micrium\uCOS-III\Source\os_stat.obj
                                  fff0134c  fff0135f        14
FILE=.\micrium\uCOS-III\Source\os_task.obj
                                  fff01360  fff01367         8
FILE=.\micrium\uCOS-III\Source\os_tick.obj
                                  fff01368  fff0137b        14
FILE=.\micrium\uCOS-III\Source\os_tmr.obj
                                  fff0137c  fff013a2        27
FILE=.\r_bsp\board\rdkrx63n\dbsct.obj
                                  fff013a4  fff013a7         4
  _deadSpace
                                  fff013a4         4   data ,g         0
FILE=.\r_bsp\board\rdkrx63n\lowsrc.obj
                                  fff013a8  fff013e9        42
FILE=.\src\main.obj
                                  fff013ec  fff013f9         e
FILE=xprintf
                                  fff013fc  fff01402         7
FILE=xldtob
                                  fff01404  fff01425        22
FILE=xgenld
                                  fff01428  fff01429         2
FILE=localeco
                                  fff0142c  fff01438         d

SECTION=P
FILE=.\micrium\BSP\bsp.obj
                                  fff01439  fff01440         8
  _BSP_Init
                                  fff01439         8   func ,g         1
FILE=.\micrium\BSP\bsp_int_vect_tbl.obj
                                  fff01441  fff01687       247
  _BSP_IntVectSet
                                  fff01441        3d   func ,g         1
  _BSP_IntVectTblInit
                                  fff0147e         a   func ,g         0
  _BSP_IntHandler_000
                                  fff01488         2   func ,g         1
  _BSP_IntHandler_001
                                  fff0148a         2   func ,g         1
  _BSP_IntHandler_002
                                  fff0148c         2   func ,g         1
  _BSP_IntHandler_003
                                  fff0148e         2   func ,g         1
  _BSP_IntHandler_004
                                  fff01490         2   func ,g         1
  _BSP_IntHandler_005
                                  fff01492         2   func ,g         1
  _BSP_IntHandler_006
                                  fff01494         2   func ,g         1
  _BSP_IntHandler_007
                                  fff01496         2   func ,g         1
  _BSP_IntHandler_008
                                  fff01498         2   func ,g         1
  _BSP_IntHandler_009
                                  fff0149a         2   func ,g         1
  _BSP_IntHandler_010
                                  fff0149c         2   func ,g         1
  _BSP_IntHandler_011
                                  fff0149e         2   func ,g         1
  _BSP_IntHandler_012
                                  fff014a0         2   func ,g         1
  _BSP_IntHandler_013
                                  fff014a2         2   func ,g         1
  _BSP_IntHandler_014
                                  fff014a4         2   func ,g         1
  _BSP_IntHandler_015
                                  fff014a6         2   func ,g         1
  _BSP_IntHandler_016
                                  fff014a8         2   func ,g         1
  _BSP_IntHandler_017
                                  fff014aa         2   func ,g         1
  _BSP_IntHandler_018
                                  fff014ac         2   func ,g         1
  _BSP_IntHandler_019
                                  fff014ae         2   func ,g         1
  _BSP_IntHandler_020
                                  fff014b0         2   func ,g         1
  _BSP_IntHandler_021
                                  fff014b2         2   func ,g         1
  _BSP_IntHandler_022
                                  fff014b4         2   func ,g         1
  _BSP_IntHandler_023
                                  fff014b6         2   func ,g         1
  _BSP_IntHandler_024
                                  fff014b8         2   func ,g         1
  _BSP_IntHandler_025
                                  fff014ba         2   func ,g         1
  _BSP_IntHandler_026
                                  fff014bc         2   func ,g         1
  _BSP_IntHandler_027
                                  fff014be         2   func ,g         0
  _BSP_IntHandler_028
                                  fff014c0         2   func ,g         0
  _BSP_IntHandler_029
                                  fff014c2         2   func ,g         1
  _BSP_IntHandler_030
                                  fff014c4         2   func ,g         1
  _BSP_IntHandler_031
                                  fff014c6         2   func ,g         1
  _BSP_IntHandler_032
                                  fff014c8         2   func ,g         1
  _BSP_IntHandler_033
                                  fff014ca         2   func ,g         1
  _BSP_IntHandler_034
                                  fff014cc         2   func ,g         1
  _BSP_IntHandler_035
                                  fff014ce         2   func ,g         1
  _BSP_IntHandler_036
                                  fff014d0         2   func ,g         1
  _BSP_IntHandler_037
                                  fff014d2         2   func ,g         1
  _BSP_IntHandler_038
                                  fff014d4         2   func ,g         1
  _BSP_IntHandler_039
                                  fff014d6         2   func ,g         1
  _BSP_IntHandler_040
                                  fff014d8         2   func ,g         1
  _BSP_IntHandler_041
                                  fff014da         2   func ,g         1
  _BSP_IntHandler_042
                                  fff014dc         2   func ,g         1
  _BSP_IntHandler_043
                                  fff014de         2   func ,g         1
  _BSP_IntHandler_044
                                  fff014e0         2   func ,g         1
  _BSP_IntHandler_045
                                  fff014e2         2   func ,g         1
  _BSP_IntHandler_046
                                  fff014e4         2   func ,g         1
  _BSP_IntHandler_047
                                  fff014e6         2   func ,g         1
  _BSP_IntHandler_048
                                  fff014e8         2   func ,g         1
  _BSP_IntHandler_049
                                  fff014ea         2   func ,g         1
  _BSP_IntHandler_050
                                  fff014ec         2   func ,g         1
  _BSP_IntHandler_051
                                  fff014ee         2   func ,g         1
  _BSP_IntHandler_052
                                  fff014f0         2   func ,g         1
  _BSP_IntHandler_053
                                  fff014f2         2   func ,g         1
  _BSP_IntHandler_054
                                  fff014f4         2   func ,g         1
  _BSP_IntHandler_055
                                  fff014f6         2   func ,g         1
  _BSP_IntHandler_056
                                  fff014f8         2   func ,g         1
  _BSP_IntHandler_057
                                  fff014fa         2   func ,g         1
  _BSP_IntHandler_058
                                  fff014fc         2   func ,g         1
  _BSP_IntHandler_059
                                  fff014fe         2   func ,g         1
  _BSP_IntHandler_060
                                  fff01500         2   func ,g         1
  _BSP_IntHandler_061
                                  fff01502         2   func ,g         1
  _BSP_IntHandler_062
                                  fff01504         2   func ,g         1
  _BSP_IntHandler_063
                                  fff01506         2   func ,g         1
  _BSP_IntHandler_064
                                  fff01508         2   func ,g         1
  _BSP_IntHandler_065
                                  fff0150a         2   func ,g         1
  _BSP_IntHandler_066
                                  fff0150c         2   func ,g         1
  _BSP_IntHandler_067
                                  fff0150e         2   func ,g         1
  _BSP_IntHandler_068
                                  fff01510         2   func ,g         1
  _BSP_IntHandler_069
                                  fff01512         2   func ,g         1
  _BSP_IntHandler_070
                                  fff01514         2   func ,g         1
  _BSP_IntHandler_071
                                  fff01516         2   func ,g         1
  _BSP_IntHandler_072
                                  fff01518         2   func ,g         1
  _BSP_IntHandler_073
                                  fff0151a         2   func ,g         1
  _BSP_IntHandler_074
                                  fff0151c         2   func ,g         1
  _BSP_IntHandler_075
                                  fff0151e         2   func ,g         1
  _BSP_IntHandler_076
                                  fff01520         2   func ,g         1
  _BSP_IntHandler_077
                                  fff01522         2   func ,g         1
  _BSP_IntHandler_078
                                  fff01524         2   func ,g         1
  _BSP_IntHandler_079
                                  fff01526         2   func ,g         1
  _BSP_IntHandler_080
                                  fff01528         2   func ,g         1
  _BSP_IntHandler_081
                                  fff0152a         2   func ,g         1
  _BSP_IntHandler_082
                                  fff0152c         2   func ,g         1
  _BSP_IntHandler_083
                                  fff0152e         2   func ,g         1
  _BSP_IntHandler_084
                                  fff01530         2   func ,g         1
  _BSP_IntHandler_085
                                  fff01532         2   func ,g         1
  _BSP_IntHandler_086
                                  fff01534         2   func ,g         1
  _BSP_IntHandler_087
                                  fff01536         2   func ,g         1
  _BSP_IntHandler_088
                                  fff01538         2   func ,g         1
  _BSP_IntHandler_089
                                  fff0153a         2   func ,g         1
  _BSP_IntHandler_090
                                  fff0153c         2   func ,g         1
  _BSP_IntHandler_091
                                  fff0153e         2   func ,g         1
  _BSP_IntHandler_092
                                  fff01540         2   func ,g         1
  _BSP_IntHandler_093
                                  fff01542         2   func ,g         1
  _BSP_IntHandler_094
                                  fff01544         2   func ,g         1
  _BSP_IntHandler_095
                                  fff01546         2   func ,g         1
  _BSP_IntHandler_096
                                  fff01548         2   func ,g         1
  _BSP_IntHandler_097
                                  fff0154a         2   func ,g         1
  _BSP_IntHandler_098
                                  fff0154c         2   func ,g         1
  _BSP_IntHandler_099
                                  fff0154e         2   func ,g         1
  _BSP_IntHandler_100
                                  fff01550         2   func ,g         1
  _BSP_IntHandler_101
                                  fff01552         2   func ,g         1
  _BSP_IntHandler_102
                                  fff01554         2   func ,g         1
  _BSP_IntHandler_103
                                  fff01556         2   func ,g         1
  _BSP_IntHandler_104
                                  fff01558         2   func ,g         1
  _BSP_IntHandler_105
                                  fff0155a         2   func ,g         1
  _BSP_IntHandler_106
                                  fff0155c         2   func ,g         1
  _BSP_IntHandler_107
                                  fff0155e         2   func ,g         1
  _BSP_IntHandler_108
                                  fff01560         2   func ,g         1
  _BSP_IntHandler_109
                                  fff01562         2   func ,g         1
  _BSP_IntHandler_110
                                  fff01564         2   func ,g         1
  _BSP_IntHandler_111
                                  fff01566         2   func ,g         1
  _BSP_IntHandler_112
                                  fff01568         2   func ,g         1
  _BSP_IntHandler_113
                                  fff0156a         2   func ,g         1
  _BSP_IntHandler_114
                                  fff0156c         2   func ,g         1
  _BSP_IntHandler_115
                                  fff0156e         2   func ,g         1
  _BSP_IntHandler_116
                                  fff01570         2   func ,g         1
  _BSP_IntHandler_117
                                  fff01572         2   func ,g         1
  _BSP_IntHandler_118
                                  fff01574         2   func ,g         1
  _BSP_IntHandler_119
                                  fff01576         2   func ,g         1
  _BSP_IntHandler_120
                                  fff01578         2   func ,g         1
  _BSP_IntHandler_121
                                  fff0157a         2   func ,g         1
  _BSP_IntHandler_122
                                  fff0157c         2   func ,g         1
  _BSP_IntHandler_123
                                  fff0157e         2   func ,g         1
  _BSP_IntHandler_124
                                  fff01580         2   func ,g         1
  _BSP_IntHandler_125
                                  fff01582         2   func ,g         1
  _BSP_IntHandler_126
                                  fff01584         2   func ,g         1
  _BSP_IntHandler_127
                                  fff01586         2   func ,g         1
  _BSP_IntHandler_128
                                  fff01588         2   func ,g         1
  _BSP_IntHandler_129
                                  fff0158a         2   func ,g         1
  _BSP_IntHandler_130
                                  fff0158c         2   func ,g         1
  _BSP_IntHandler_131
                                  fff0158e         2   func ,g         1
  _BSP_IntHandler_132
                                  fff01590         2   func ,g         1
  _BSP_IntHandler_133
                                  fff01592         2   func ,g         1
  _BSP_IntHandler_134
                                  fff01594         2   func ,g         1
  _BSP_IntHandler_135
                                  fff01596         2   func ,g         1
  _BSP_IntHandler_136
                                  fff01598         2   func ,g         1
  _BSP_IntHandler_137
                                  fff0159a         2   func ,g         1
  _BSP_IntHandler_138
                                  fff0159c         2   func ,g         1
  _BSP_IntHandler_139
                                  fff0159e         2   func ,g         1
  _BSP_IntHandler_140
                                  fff015a0         2   func ,g         1
  _BSP_IntHandler_141
                                  fff015a2         2   func ,g         1
  _BSP_IntHandler_142
                                  fff015a4         2   func ,g         1
  _BSP_IntHandler_143
                                  fff015a6         2   func ,g         1
  _BSP_IntHandler_144
                                  fff015a8         2   func ,g         1
  _BSP_IntHandler_145
                                  fff015aa         2   func ,g         1
  _BSP_IntHandler_146
                                  fff015ac         2   func ,g         1
  _BSP_IntHandler_147
                                  fff015ae         2   func ,g         1
  _BSP_IntHandler_148
                                  fff015b0         2   func ,g         1
  _BSP_IntHandler_149
                                  fff015b2         2   func ,g         1
  _BSP_IntHandler_150
                                  fff015b4         2   func ,g         1
  _BSP_IntHandler_151
                                  fff015b6         2   func ,g         1
  _BSP_IntHandler_152
                                  fff015b8         2   func ,g         1
  _BSP_IntHandler_153
                                  fff015ba         2   func ,g         1
  _BSP_IntHandler_154
                                  fff015bc         2   func ,g         1
  _BSP_IntHandler_155
                                  fff015be         2   func ,g         1
  _BSP_IntHandler_156
                                  fff015c0         2   func ,g         1
  _BSP_IntHandler_157
                                  fff015c2         2   func ,g         1
  _BSP_IntHandler_158
                                  fff015c4         2   func ,g         1
  _BSP_IntHandler_159
                                  fff015c6         2   func ,g         1
  _BSP_IntHandler_160
                                  fff015c8         2   func ,g         1
  _BSP_IntHandler_161
                                  fff015ca         2   func ,g         1
  _BSP_IntHandler_162
                                  fff015cc         2   func ,g         1
  _BSP_IntHandler_163
                                  fff015ce         2   func ,g         1
  _BSP_IntHandler_164
                                  fff015d0         2   func ,g         1
  _BSP_IntHandler_165
                                  fff015d2         2   func ,g         1
  _BSP_IntHandler_166
                                  fff015d4         2   func ,g         1
  _BSP_IntHandler_167
                                  fff015d6         2   func ,g         1
  _BSP_IntHandler_168
                                  fff015d8         2   func ,g         1
  _BSP_IntHandler_169
                                  fff015da         2   func ,g         1
  _BSP_IntHandler_170
                                  fff015dc         2   func ,g         1
  _BSP_IntHandler_171
                                  fff015de         2   func ,g         1
  _BSP_IntHandler_172
                                  fff015e0         2   func ,g         1
  _BSP_IntHandler_173
                                  fff015e2         2   func ,g         1
  _BSP_IntHandler_174
                                  fff015e4         2   func ,g         1
  _BSP_IntHandler_175
                                  fff015e6         2   func ,g         1
  _BSP_IntHandler_176
                                  fff015e8         2   func ,g         1
  _BSP_IntHandler_177
                                  fff015ea         2   func ,g         1
  _BSP_IntHandler_178
                                  fff015ec         2   func ,g         1
  _BSP_IntHandler_179
                                  fff015ee         2   func ,g         1
  _BSP_IntHandler_180
                                  fff015f0         2   func ,g         1
  _BSP_IntHandler_181
                                  fff015f2         2   func ,g         1
  _BSP_IntHandler_182
                                  fff015f4         2   func ,g         1
  _BSP_IntHandler_183
                                  fff015f6         2   func ,g         1
  _BSP_IntHandler_184
                                  fff015f8         2   func ,g         1
  _BSP_IntHandler_185
                                  fff015fa         2   func ,g         1
  _BSP_IntHandler_186
                                  fff015fc         2   func ,g         1
  _BSP_IntHandler_187
                                  fff015fe         2   func ,g         1
  _BSP_IntHandler_188
                                  fff01600         2   func ,g         1
  _BSP_IntHandler_189
                                  fff01602         2   func ,g         1
  _BSP_IntHandler_190
                                  fff01604         2   func ,g         1
  _BSP_IntHandler_191
                                  fff01606         2   func ,g         1
  _BSP_IntHandler_192
                                  fff01608         2   func ,g         1
  _BSP_IntHandler_193
                                  fff0160a         2   func ,g         1
  _BSP_IntHandler_194
                                  fff0160c         2   func ,g         1
  _BSP_IntHandler_195
                                  fff0160e         2   func ,g         1
  _BSP_IntHandler_196
                                  fff01610         2   func ,g         1
  _BSP_IntHandler_197
                                  fff01612         2   func ,g         1
  _BSP_IntHandler_198
                                  fff01614         2   func ,g         1
  _BSP_IntHandler_199
                                  fff01616         2   func ,g         1
  _BSP_IntHandler_200
                                  fff01618         2   func ,g         1
  _BSP_IntHandler_201
                                  fff0161a         2   func ,g         1
  _BSP_IntHandler_202
                                  fff0161c         2   func ,g         1
  _BSP_IntHandler_203
                                  fff0161e         2   func ,g         1
  _BSP_IntHandler_204
                                  fff01620         2   func ,g         1
  _BSP_IntHandler_205
                                  fff01622         2   func ,g         1
  _BSP_IntHandler_206
                                  fff01624         2   func ,g         1
  _BSP_IntHandler_207
                                  fff01626         2   func ,g         1
  _BSP_IntHandler_208
                                  fff01628         2   func ,g         1
  _BSP_IntHandler_209
                                  fff0162a         2   func ,g         1
  _BSP_IntHandler_210
                                  fff0162c         2   func ,g         1
  _BSP_IntHandler_211
                                  fff0162e         2   func ,g         1
  _BSP_IntHandler_212
                                  fff01630         2   func ,g         1
  _BSP_IntHandler_213
                                  fff01632         2   func ,g         1
  _BSP_IntHandler_214
                                  fff01634         2   func ,g         1
  _BSP_IntHandler_215
                                  fff01636         2   func ,g         1
  _BSP_IntHandler_216
                                  fff01638         2   func ,g         1
  _BSP_IntHandler_217
                                  fff0163a         2   func ,g         1
  _BSP_IntHandler_218
                                  fff0163c         2   func ,g         1
  _BSP_IntHandler_219
                                  fff0163e         2   func ,g         1
  _BSP_IntHandler_220
                                  fff01640         2   func ,g         1
  _BSP_IntHandler_221
                                  fff01642         2   func ,g         1
  _BSP_IntHandler_222
                                  fff01644         2   func ,g         1
  _BSP_IntHandler_223
                                  fff01646         2   func ,g         1
  _BSP_IntHandler_224
                                  fff01648         2   func ,g         1
  _BSP_IntHandler_225
                                  fff0164a         2   func ,g         1
  _BSP_IntHandler_226
                                  fff0164c         2   func ,g         1
  _BSP_IntHandler_227
                                  fff0164e         2   func ,g         1
  _BSP_IntHandler_228
                                  fff01650         2   func ,g         1
  _BSP_IntHandler_229
                                  fff01652         2   func ,g         1
  _BSP_IntHandler_230
                                  fff01654         2   func ,g         1
  _BSP_IntHandler_231
                                  fff01656         2   func ,g         1
  _BSP_IntHandler_232
                                  fff01658         2   func ,g         1
  _BSP_IntHandler_233
                                  fff0165a         2   func ,g         1
  _BSP_IntHandler_234
                                  fff0165c         2   func ,g         1
  _BSP_IntHandler_235
                                  fff0165e         2   func ,g         1
  _BSP_IntHandler_236
                                  fff01660         2   func ,g         1
  _BSP_IntHandler_237
                                  fff01662         2   func ,g         1
  _BSP_IntHandler_238
                                  fff01664         2   func ,g         1
  _BSP_IntHandler_239
                                  fff01666         2   func ,g         1
  _BSP_IntHandler_240
                                  fff01668         2   func ,g         1
  _BSP_IntHandler_241
                                  fff0166a         2   func ,g         1
  _BSP_IntHandler_242
                                  fff0166c         2   func ,g         1
  _BSP_IntHandler_243
                                  fff0166e         2   func ,g         1
  _BSP_IntHandler_244
                                  fff01670         2   func ,g         1
  _BSP_IntHandler_245
                                  fff01672         2   func ,g         1
  _BSP_IntHandler_246
                                  fff01674         2   func ,g         1
  _BSP_IntHandler_247
                                  fff01676         2   func ,g         1
  _BSP_IntHandler_248
                                  fff01678         2   func ,g         1
  _BSP_IntHandler_249
                                  fff0167a         2   func ,g         1
  _BSP_IntHandler_250
                                  fff0167c         2   func ,g         1
  _BSP_IntHandler_251
                                  fff0167e         2   func ,g         1
  _BSP_IntHandler_252
                                  fff01680         2   func ,g         1
  _BSP_IntHandler_253
                                  fff01682         2   func ,g         1
  _BSP_IntHandler_254
                                  fff01684         2   func ,g         1
  _BSP_IntHandler_255
                                  fff01686         2   func ,g         1
FILE=.\micrium\BSP\bsp_sys.obj
                                  fff01688  fff01761        da
  _BSP_SysInit
                                  fff01688        5f   func ,g         1
  _BSP_SysPerClkFreqGet
                                  fff016e7        7b   func ,g         2
FILE=.\micrium\BSP\cpu_bsp.obj
                                  fff01762  fff017c1        60
  _CPU_TS_TmrInit
                                  fff01762        53   func ,g         1
  _CPU_TS_TmrRd
                                  fff017b5         8   func ,g         6
  _CPU_TS32_to_uSec
                                  fff017bd         5   func ,g         0
FILE=.\micrium\BSP\os_bsp.obj
                                  fff017c2  fff0185b        9a
  _OS_BSP_TickInit
                                  fff017c2        82   func ,g         1
  _OS_BSP_TickISR
                                  fff01844        18   func ,g         2
FILE=.\micrium\rtos_launcher.obj
                                  fff0185c  fff018b9        5e
  _main
                                  fff0185c        5e   func ,g         1
FILE=.\micrium\uC-CPU\cpu_core.obj
                                  fff018ba  fff01d09       450
  _CPU_Init
                                  fff018ba         9   func ,g         1
  _CPU_SW_Exception
                                  fff018c3         2   func ,g        11
  _CPU_NameClr
                                  fff018c5        33   func ,g         1
  _CPU_NameGet
                                  fff018f8        49   func ,g         0
  _CPU_NameSet
                                  fff01941        5c   func ,g         0
  _CPU_TS_Get32
                                  fff0199d        40   func ,g        19
  _CPU_TS_Update
                                  fff019dd         2   func ,g         1
  _CPU_TS_TmrFreqGet
                                  fff019df        20   func ,g         0
  _CPU_TS_TmrFreqSet
                                  fff019ff         9   func ,g         1
  _CPU_IntDisMeasMaxCurReset
                                  fff01a08        28   func ,g         1
  _CPU_IntDisMeasMaxCurGet
                                  fff01a30        26   func ,g         1
  _CPU_IntDisMeasMaxGet
                                  fff01a56        26   func ,g         1
  _CPU_IntDisMeasStart
                                  fff01a7c        2f   func ,g        5a
  _CPU_IntDisMeasStop
                                  fff01aab        43   func ,g        99
  _CPU_CntLeadZeros
                                  fff01aee         2   func ,g         2
  _CPU_CntLeadZeros08
                                  fff01af0         a   func ,g         1
  _CPU_CntLeadZeros16
                                  fff01afa        18   func ,g         1
  _CPU_CntLeadZeros32
                                  fff01b12        39   func ,g         2
  _CPU_CntLeadZeros64
                                  fff01b4b        a1   func ,g         1
  _CPU_CntTrailZeros
                                  fff01bec        17   func ,g         0
  _CPU_CntTrailZeros08
                                  fff01c03        17   func ,g         0
  _CPU_CntTrailZeros16
                                  fff01c1a        18   func ,g         0
  _CPU_CntTrailZeros32
                                  fff01c32        17   func ,g         0
  _CPU_CntTrailZeros64
                                  fff01c49        1f   func ,g         0
  _CPU_NameInit
                                  fff01c68         3   func ,l         1
  _CPU_TS_Init
                                  fff01c6b        23   func ,l         1
  _CPU_IntDisMeasInit
                                  fff01c8e        68   func ,l         1
  _CPU_IntDisMeasMaxCalc
                                  fff01cf6        14   func ,l         2
FILE=.\micrium\uC-LIB\lib_ascii.obj
                                  fff01d0a  fff01e97       18e
  _ASCII_IsAlpha
                                  fff01d0a        1d   func ,g         0
  _ASCII_IsAlphaNum
                                  fff01d27        26   func ,g         1
  _ASCII_IsLower
                                  fff01d4d         c   func ,g         1
  _ASCII_IsUpper
                                  fff01d59         c   func ,g         0
  _ASCII_IsDig
                                  fff01d65         b   func ,g         1
  _ASCII_IsDigOct
                                  fff01d70         b   func ,g         0
  _ASCII_IsDigHex
                                  fff01d7b        24   func ,g         2
  _ASCII_IsBlank
                                  fff01d9f        13   func ,g         0
  _ASCII_IsSpace
                                  fff01db2        22   func ,g         1
  _ASCII_IsPrint
                                  fff01dd4        16   func ,g         1
  _ASCII_IsGraph
                                  fff01dea        16   func ,g         0
  _ASCII_IsPunct
                                  fff01e00        49   func ,g         0
  _ASCII_IsCtrl
                                  fff01e49        15   func ,g         0
  _ASCII_ToLower
                                  fff01e5e        10   func ,g         6
  _ASCII_ToUpper
                                  fff01e6e        10   func ,g         2
  _ASCII_Cmp
                                  fff01e7e        1a   func ,g         0
FILE=.\micrium\uC-LIB\lib_math.obj
                                  fff01e98  fff01f13        7c
  _Math_Init
                                  fff01e98         4   func ,g         0
  _Math_RandSetSeed
                                  fff01e9c        32   func ,g         1
  _Math_Rand
                                  fff01ece        39   func ,g         0
  _Math_RandSeed
                                  fff01f07         d   func ,g         1
FILE=.\micrium\uC-LIB\lib_mem.obj
                                  fff01f14  fff02b31       c1e
  _Mem_Init
                                  fff01f14        3f   func ,g         1
  _Mem_Clr
                                  fff01f53         6   func ,g         1
  _Mem_Set
                                  fff01f59        4f   func ,g         1
  _Mem_Copy
                                  fff01fa8        5d   func ,g         1
  _Mem_Move
                                  fff02005        90   func ,g         0
  _Mem_Cmp
                                  fff02095        b9   func ,g         0
  _Mem_HeapAlloc
                                  fff0214e        30   func ,g         0
  _Mem_HeapGetSizeRem
                                  fff0217e        22   func ,g         0
  _Mem_SegCreate
                                  fff021a0        aa   func ,g         1
  _Mem_SegClr
                                  fff0224a        42   func ,g         0
  _Mem_SegRemSizeGet
                                  fff0228c        89   func ,g         1
  _Mem_SegAlloc
                                  fff02315        1f   func ,g         0
  _Mem_SegAllocExt
                                  fff02334        20   func ,g         0
  _Mem_SegAllocHW
                                  fff02354        20   func ,g         0
  _Mem_PoolCreate
                                  fff02374       19a   func ,g         0
  _Mem_PoolClr
                                  fff0250e        2a   func ,g         1
  _Mem_PoolBlkGet
                                  fff02538        7a   func ,g         0
  _Mem_PoolBlkFree
                                  fff025b2        c0   func ,g         0
  _Mem_PoolBlkGetNbrAvail
                                  fff02672        47   func ,g         0
  _Mem_DynPoolCreate
                                  fff026b9        29   func ,g         0
  _Mem_DynPoolCreateHW
                                  fff026e2        2a   func ,g         0
  _Mem_DynPoolBlkGet
                                  fff0270c        de   func ,g         0
  _Mem_DynPoolBlkFree
                                  fff027ea        9e   func ,g         0
  _Mem_DynPoolBlkNbrAvailGet
                                  fff02888        5a   func ,g         0
  _Mem_SegCreateCritical
                                  fff028e2        1c   func ,l         2
  _Mem_SegOverlapChkCritical
                                  fff028fe        43   func ,l         2
  _Mem_SegAllocInternal
                                  fff02941        95   func ,l         8
  _Mem_SegAllocExtCritical
                                  fff029d6        57   func ,l         2
  _Mem_DynPoolCreateInternal
                                  fff02a2d        e5   func ,l         2
  _Mem_PoolBlkIsValidAddr
                                  fff02b12        20   func ,l         1
FILE=.\micrium\uC-LIB\lib_str.obj
                                  fff02b32  fff031dc       6ab
  _Str_Len
                                  fff02b32         5   func ,g         0
  _Str_Len_N
                                  fff02b37        19   func ,g         5
  _Str_Copy
                                  fff02b50         5   func ,g         0
  _Str_Copy_N
                                  fff02b55        4d   func ,g         3
  _Str_Cat
                                  fff02ba2         5   func ,g         0
  _Str_Cat_N
                                  fff02ba7        69   func ,g         1
  _Str_Cmp
                                  fff02c10         5   func ,g         0
  _Str_Cmp_N
                                  fff02c15        7e   func ,g         2
  _Str_CmpIgnoreCase
                                  fff02c93         5   func ,g         0
  _Str_CmpIgnoreCase_N
                                  fff02c98        a7   func ,g         1
  _Str_Char
                                  fff02d3f         7   func ,g         0
  _Str_Char_N
                                  fff02d46        39   func ,g         1
  _Str_Char_Last
                                  fff02d7f         7   func ,g         0
  _Str_Char_Last_N
                                  fff02d86        36   func ,g         1
  _Str_Char_Replace
                                  fff02dbc         5   func ,g         0
  _Str_Char_Replace_N
                                  fff02dc1        30   func ,g         1
  _Str_Str
                                  fff02df1         5   func ,g         0
  _Str_Str_N
                                  fff02df6        70   func ,g         1
  _Str_FmtNbr_Int32U
                                  fff02e66        18   func ,g         0
  _Str_FmtNbr_Int32S
                                  fff02e7e        2f   func ,g         0
  _Str_ParseNbr_Int32U
                                  fff02ead         d   func ,g         0
  _Str_ParseNbr_Int32S
                                  fff02eba        39   func ,g         0
  _Str_FmtNbr_Int32
                                  fff02ef3       17c   func ,l         2
  _Str_ParseNbr_Int32
                                  fff0306f       16e   func ,l         2
FILE=.\micrium\uCOS-III\Ports\Renesas\RX\RXC\os_cpu_a.obj
                                  fff031dd  fff0327d        a1
  _OSStartHighRdy
                                  fff031dd         0   none ,g         1
  _OSCtxSwISR
                                  fff03201         0   none ,g         1
FILE=.\micrium\uCOS-III\Ports\Renesas\RX\RXC\os_cpu_c.obj
                                  fff0327e  fff033cc       14f
  _OSIdleTaskHook
                                  fff0327e         1   func ,g         1
  _OSInitHook
                                  fff0327f        25   func ,g         1
  _OSStatTaskHook
                                  fff032a4         1   func ,g         1
  _OSTaskCreateHook
                                  fff032a5         1   func ,g         1
  _OSTaskDelHook
                                  fff032a6         1   func ,g         0
  _OSTaskReturnHook
                                  fff032a7         1   func ,g         1
  _OSTaskStkInit
                                  fff032a8        b1   func ,g         1
  _OSTaskSwHook
                                  fff03359        5b   func ,g         2
  _OSTimeTickHook
                                  fff033b4         4   func ,g         1
  _OSCtxSw
                                  fff033b8         9   func ,g         1
  _OSIntCtxSw
                                  fff033c1         9   func ,g         1
  _OS_KA_IPL_BoundaryGet
                                  fff033ca         3   func ,g         0
FILE=.\micrium\uCOS-III\Source\os_cfg_app.obj
                                  fff033cd  fff033cd         1
  _OSCfg_Init
                                  fff033cd         1   func ,g         1
FILE=.\micrium\uCOS-III\Source\os_core.obj
                                  fff033ce  fff03f8f       bc2
  _OSInit
                                  fff033ce       143   func ,g         1
  _OSIntEnter
                                  fff03511        1e   func ,g         1
  _OSIntExit
                                  fff0352f        a5   func ,g         1
  _OSSched
                                  fff035d4        8e   func ,g        15
  _OSSchedLock
                                  fff03662        5a   func ,g         2
  _OSSchedUnlock
                                  fff036bc        7f   func ,g         2
  _OSSchedRoundRobinCfg
                                  fff0373b        56   func ,g         0
  _OSSchedRoundRobinYield
                                  fff03791        a8   func ,g         0
  _OSStart
                                  fff03839        53   func ,g         1
  _OSVersion
                                  fff0388c         8   func ,g         0
  _OS_IdleTask
                                  fff03894        43   func ,g         1
  _OS_IdleTaskInit
                                  fff038d7        53   func ,g         1
  _OS_Pend
                                  fff0392a        4b   func ,g         6
  _OS_PendAbort
                                  fff03975        92   func ,g         1
  _OS_PendAbort1
                                  fff03a07        27   func ,g         2
  _OS_PendDataInit
                                  fff03a2e        35   func ,g         1
  _OS_PendDbgNameAdd
                                  fff03a63        3a   func ,g         1
  _OS_PendDbgNameRemove
                                  fff03a9d        18   func ,g         2
  _OS_PendListChangePrio
                                  fff03ab5        30   func ,g         2
  _OS_PendListInit
                                  fff03ae5         9   func ,g         8
  _OS_PendListInsertHead
                                  fff03aee        1d   func ,g         0
  _OS_PendListInsertPrio
                                  fff03b0b        5c   func ,g         2
  _OS_PendListRemove
                                  fff03b67        2a   func ,g         8
  _OS_PendListRemove1
                                  fff03b91        35   func ,g         2
  _OS_PendObjDel
                                  fff03bc6        86   func ,g         0
  _OS_PendObjDel1
                                  fff03c4c        27   func ,g         2
  _OS_Post
                                  fff03c73        ac   func ,g         6
  _OS_Post1
                                  fff03d1f        32   func ,g         2
  _OS_RdyListInit
                                  fff03d51        18   func ,g         1
  _OS_RdyListInsert
                                  fff03d69        23   func ,g         7
  _OS_RdyListInsertHead
                                  fff03d8c        3e   func ,g         2
  _OS_RdyListInsertTail
                                  fff03dca        3d   func ,g         4
  _OS_RdyListMoveHeadToTail
                                  fff03e07        32   func ,g         2
  _OS_RdyListRemove
                                  fff03e39        64   func ,g         6
  _OS_SchedLockTimeMeasStart
[...]
  _suart_timer_cback
                                  fff082d2        2b   func ,g         1
  _suart_init_all_channels
                                  fff082fd        65   func ,g         1
  _suart_init
                                  fff08362        70   func ,g         0
FILE=freopen
                                  fff083d2  fff08400        2f
  _freopen
                                  fff083d2        2f   func ,g         3
FILE=fclose
                                  fff08401  fff08454        54
  _fclose
                                  fff08401        54   func ,g         4
FILE=printf
                                  fff08455  fff08493        3f
  _prout
                                  fff08455        1d   func ,l         1
  _printf
                                  fff08472        22   func ,g         1
FILE=__COM_DIV64u
                                  fff08494  fff0852c        99
  __COM_DIV64u
                                  fff08494         0   none ,g         4
  _Loop_Init
                                  fff0849e         0   none ,l         2
  _Loop
                                  fff084a6         0   none ,l         1
  _DivStart
                                  fff084b2         0   none ,l         3
  _Success
                                  fff084c0         0   none ,l         1
  _DivEnd
                                  fff084cc         0   none ,l         0
  IXI6DIV
                                  fff084d1         0   none ,l         1
  IXI4DIV
                                  fff084e3         0   none ,l         1
  IXI2DIV
                                  fff084f3         0   none ,l         1
  I8I2DIV
                                  fff084fb         0   none ,l         1
  I4I2DIV
                                  fff08529         0   none ,l         1
  _i8divU_End
                                  fff0852c         0   none ,l         0
FILE=__initsct
                                  fff0852d  fff08576        4a
  __INITSCT
                                  fff0852d         0   none ,g         1
  loop1
                                  fff0853f         0   none ,l         1
  next_loop1
                                  fff0854d         0   none ,l         2
  loop3
                                  fff0855f         0   none ,l         1
  next_loop3
                                  fff08570         0   none ,l         2
FILE=malloc
                                  fff08577  fff08654        de
  _findmem
                                  fff08577        7b   func ,l         1
  _malloc
                                  fff085f2        63   func ,g         5
FILE=fwrite
                                  fff08655  fff08725        d1
  _fwrite
                                  fff08655        d1   func ,g         1
FILE=fflush
                                  fff08726  fff087ad        88
  _fflush
                                  fff08726        88   func ,g         5
FILE=xfoprep
                                  fff087ae  fff0888c        df
  __Foprep
                                  fff087ae        df   func ,g         1
FILE=xfofind
                                  fff0888d  fff0891a        8e
  __Fofind
                                  fff0888d        45   func ,g         0
  __Fofree
                                  fff088d2        49   func ,g         2
FILE=xprintf
                                  fff0891b  fff08b91       277
  __Printf
                                  fff0891b       277   func ,g         1
FILE=free
                                  fff08b92  fff08c14        83
  _free
                                  fff08b92        83   func ,g         4
FILE=xgetmem
                                  fff08c15  fff08c2c        18
  __Getmem
                                  fff08c15        18   func ,g         1
FILE=xfwprep
                                  fff08c2d  fff08cc5        99
  __Fwprep
                                  fff08c2d        99   func ,g         1
FILE=xputfld
                                  fff08cc6  fff09156       491
  __Putfld
                                  fff08cc6       491   func ,g         1
FILE=xfopen
                                  fff09157  fff09186        30
  __Fopen
                                  fff09157        30   func ,g         1
FILE=xvacopy
                                  fff09187  fff0918e         8
  __Vacopy
                                  fff09187         8   func ,g         2
FILE=xputtxt
                                  fff0918f  fff09471       2e3
  __Puttxt
                                  fff0918f       2e3   func ,g         3
FILE=strchr
                                  fff09472  fff09488        17
  _strchr
                                  fff09472        17   func ,g         2
FILE=xctype
                                  fff09489  fff0949e        16
  __Getpctype
                                  fff09489        16   func ,g         0
FILE=xldtob
                                  fff0949f  fff0998b       4ed
  __Ldtob
                                  fff0949f       4ed   func ,g         1
FILE=xputstr
                                  fff0998c  fff09a69        de
  __Putstr
                                  fff0998c        de   func ,g         1
FILE=xlitob
                                  fff09a6a  fff09b88       11f
  __Litob
                                  fff09a6a       11f   func ,g         1
FILE=xgenld
                                  fff09b89  fff09e3e       2b6
  __Genld
                                  fff09b89       2b6   func ,g         1
FILE=xwctomb
                                  fff09e3f  fff09fa2       164
  __Wctombx
                                  fff09e3f       11d   func ,g         1
  __Wctomb
                                  fff09f5c        47   func ,g         1
FILE=xstate
                                  fff09fa3  fff09fd4        32
  __Getmbcurmax
                                  fff09fa3        16   func ,g         2
  __Getpmbstate
                                  fff09fb9        1c   func ,g         0
FILE=xldscale
                                  fff09fd5  fff09fd8         4
  __LDscale
                                  fff09fd5         4   func ,g         1
FILE=xldunsca
                                  fff09fd9  fff09fdc         4
  __LDunscale
                                  fff09fd9         4   func ,g         1
FILE=__COM_DIVd
                                  fff09fdd  fff0a1b9       1dd
  exception1
                                  fff09fdd         0   none ,l         1
  exception2
                                  fff09fec         0   none ,l         1
  exception3
                                  fff09ff4         0   none ,l         1
  normalize1
                                  fff0a007         0   none ,l         1
  p1_norm_loop
                                  fff0a012         0   none ,l         1
  exception4
                                  fff0a048         0   none ,l         1
  normalize2
                                  fff0a04e         0   none ,l         0
  p2_norm_loop
                                  fff0a059         0   none ,l         1
  return_zero
                                  fff0a086         0   none ,l         4
  return_inf
                                  fff0a091         0   none ,l         3
  return_NaN
                                  fff0a0a4         0   none ,l         4
  __COM_DIVd
                                  fff0a0af         0   none ,g         1
  exception_return3
                                  fff0a0e3         0   none ,l         5
  exception_return4
                                  fff0a0e8         0   none ,l         5
  div_loop
                                  fff0a109         0   none ,l         2
  man_sub
                                  fff0a11c         0   none ,l         1
  over_sub
                                  fff0a127         0   none ,l         1
  end_man_cal
                                  fff0a12f         0   none ,l         1
  end_sticky_cal
                                  fff0a134         0   none ,l         1
  end_norm
                                  fff0a142         0   none ,l         1
  denormalize_loop
                                  fff0a14f         0   none ,l         1
  next_loop
                                  fff0a157         0   none ,l         1
  round_denormal
                                  fff0a15f         0   none ,l         1
  end_round_d
                                  fff0a179         0   none ,l         4
  end_denormal
                                  fff0a17b         0   none ,l         1
  end_denormal_0
                                  fff0a18b         0   none ,l         1
  return_value
                                  fff0a199         0   none ,l         1
  end_round
                                  fff0a199         0   none ,l         3
  return
                                  fff0a1b3         0   none ,l         0
FILE=__COM_MOD64u
                                  fff0a1ba  fff0a240        87
  __COM_MOD64u
                                  fff0a1ba         0   none ,g         1
  _Loop_Init
                                  fff0a1c4         0   none ,l         2
  _Loop
                                  fff0a1c8         0   none ,l         1
  _DivStart
                                  fff0a1d4         0   none ,l         3
  _Success
                                  fff0a1e2         0   none ,l         1
  _DivEnd
                                  fff0a1ea         0   none ,l         0
  IXI6DIV
                                  fff0a1eb         0   none ,l         1
  IXI4DIV
                                  fff0a1fd         0   none ,l         1
  IXI2DIV
                                  fff0a20d         0   none ,l         1
  I8I2DIV
                                  fff0a215         0   none ,l         1
  I4I2DIV
                                  fff0a235         0   none ,l         1
FILE=_div
                                  fff0a241  fff0a24c         c
  _ldiv
                                  fff0a241         0   none ,g         1
  _div
                                  fff0a241         0   none ,g         1
FILE=__COM_ADDd_SUBd
                                  fff0a24d  fff0a4c1       275
  __COM_SUBd
                                  fff0a24d         0   none ,g         2
  __COM_ADDd
                                  fff0a254         0   none ,g         0
  non_swap
                                  fff0a275         0   none ,l         1
  swap
                                  fff0a278         0   none ,l         2
  swap_end
                                  fff0a27e         0   none ,l         1
  x_normal
                                  fff0a2a1         0   none ,l         1
  shift_more_than_32
                                  fff0a2e6         0   none ,l         1
  set_sticky
                                  fff0a307         0   none ,l         1
  after_shift
                                  fff0a30e         0   none ,l         2
  round1
                                  fff0a325         0   none ,l         6
  round_end
                                  fff0a33c         0   none ,l         2
  return
                                  fff0a355         0   none ,l         2
  return_x_asis
                                  fff0a358         0   none ,l         1
  pack
                                  fff0a365         0   none ,l         6
  inf_or_nan
                                  fff0a372         0   none ,l         1
  return_nan
                                  fff0a384         0   none ,l         1
  zero_or_den
                                  fff0a38f         0   none ,l         1
  add_ovf
                                  fff0a3ab         0   none ,l         1
  subtract
                                  fff0a3cb         0   none ,l         1
  sub_underflow
                                  fff0a3e0         0   none ,l         2
  normalize1
                                  fff0a3f3         0   none ,l         1
  normalize2
                                  fff0a407         0   none ,l         1
  normalize3
                                  fff0a41b         0   none ,l         1
  normalize4
                                  fff0a42e         0   none ,l         1
  normalize5
                                  fff0a43c         0   none ,l         1
  den_shift_more_than_32
                                  fff0a464         0   none ,l         1
  shift_end
                                  fff0a474         0   none ,l         1
  sub_underflow1
                                  fff0a479         0   none ,l         1
  denormal
                                  fff0a492         0   none ,l         1
  x_normal_preparation
                                  fff0a4a9         0   none ,l         1
  den_add
                                  fff0a4b0         0   none ,l         1
FILE=__COM_CMPGTd
                                  fff0a4c2  fff0a535        74
  __COM_CMPGTd
                                  fff0a4c2         0   none ,g         2
  exception_return1
                                  fff0a4e2         0   none ,l         1
  exception_return2
                                  fff0a4e6         0   none ,l         1
  exception_return3
                                  fff0a4ea         0   none ,l         3
  minus
                                  fff0a500         0   none ,l         1
  sign_def
                                  fff0a50b         0   none ,l         1
  exception1
                                  fff0a513         0   none ,l         1
  exception2
                                  fff0a51c         0   none ,l         1
  exception3
                                  fff0a525         0   none ,l         1
FILE=__COM_CMPLEd
                                  fff0a536  fff0a5ad        78
  __COM_CMPLEd
                                  fff0a536         0   none ,g         3
  exception_return1
                                  fff0a556         0   none ,l         1
  exception_return2
                                  fff0a55a         0   none ,l         1
  exception_return3
                                  fff0a55e         0   none ,l         3
  minus
                                  fff0a575         0   none ,l         1
  sign_def
                                  fff0a583         0   none ,l         1
  return
                                  fff0a588         0   none ,l         0
  exception1
                                  fff0a58b         0   none ,l         1
  exception2
                                  fff0a594         0   none ,l         1
  exception3
                                  fff0a59d         0   none ,l         1
FILE=__COM_CONV32sd
                                  fff0a5ae  fff0a60b        5e
  __COM_CONV32sd
                                  fff0a5ae         0   none ,g         2
  exponent_set
                                  fff0a5bb         0   none ,l         1
  count_upper_24
                                  fff0a5d1         0   none ,l         1
  count_upper_28
                                  fff0a5d9         0   none ,l         1
  count_upper_30
                                  fff0a5e1         0   none ,l         1
  result
                                  fff0a5e9         0   none ,l         1
  nlz_count_exit
                                  fff0a5f3         0   none ,l         1
  round1
                                  fff0a5f8         0   none ,l         1
  pack
                                  fff0a5fa         0   none ,l         0
  return
                                  fff0a608         0   none ,l         0
  return_zero
                                  fff0a609         0   none ,l         1
FILE=__COM_CONVd32
                                  fff0a60c  fff0a693        88
  __COM_CONVd32u
                                  fff0a60c         0   none ,g         0
  __COM_CONVd32s
                                  fff0a60f         0   none ,g         2
  unpack
                                  fff0a612         0   none ,l         1
  r_shift
                                  fff0a65f         0   none ,l         1
  end_shift
                                  fff0a664         0   none ,l         1
  return
                                  fff0a66c         0   none ,l         4
  return_zero
                                  fff0a66d         0   none ,l         1
  return_max_min
                                  fff0a670         0   none ,l         1
  return_unsigned
                                  fff0a686         0   none ,l         2
FILE=__COM_MULd
                                  fff0a694  fff0a884       1f1
  __COM_MULd
                                  fff0a694         0   none ,g         3
  non_swap
                                  fff0a6b1         0   none ,l         1
  swap
                                  fff0a6b2         0   none ,l         2
  swap_end
                                  fff0a6b8         0   none ,l         1
  x_normal
                                  fff0a6db         0   none ,l         1
  after_mul_ovf_adjust
                                  fff0a755         0   none ,l         1
  round1
                                  fff0a762         0   none ,l         1
  round_end
                                  fff0a770         0   none ,l         2
  return
                                  fff0a789         0   none ,l         0
  reflect_sign
                                  fff0a78c         0   none ,l         0
  inf_or_nan
                                  fff0a795         0   none ,l         1
  return_inf
                                  fff0a79f         0   none ,l         1
  return_nan
                                  fff0a7ad         0   none ,l         2
  zero_or_den
                                  fff0a7b8         0   none ,l         1
  return_zero
                                  fff0a7be         0   none ,l         2
  denormal
                                  fff0a7c9         0   none ,l         1
  normalize2
                                  fff0a7e1         0   none ,l         2
  normalize3
                                  fff0a7f3         0   none ,l         1
  normalize4
                                  fff0a806         0   none ,l         1
  normalize5
                                  fff0a81a         0   none ,l         1
  normalize6
                                  fff0a82d         0   none ,l         1
  normalize7
                                  fff0a83b         0   none ,l         1
  return_denormal
                                  fff0a83e         0   none ,l         1
  after_shift_32
                                  fff0a85c         0   none ,l         1
FILE=localeco
                                  fff0a885  fff0a88b         7
  _localeconv
                                  fff0a885         7   func ,g         1
FILE=xwcstate
                                  fff0a88c  fff0a8a7        1c
  __Getpwcstate
                                  fff0a88c        1c   func ,g         0
FILE=xdscale
                                  fff0a8a8  fff0aa43       19c
  __Dscale
                                  fff0a8a8       19c   func ,g         1
FILE=xdunscal
                                  fff0aa44  fff0aaad        6a
  __Dunscale
                                  fff0aa44        6a   func ,g         1
FILE=xdnorm
                                  fff0aaae  fff0ab77        ca
  __Dnorm
                                  fff0aaae        ca   func ,g         2

SECTION=FIXEDVECT
FILE=.\r_bsp\board\rdkrx63n\vecttbl.obj
                                  ffffff80  ffffffff        80
  _Fixed_Vectors
                                  ffffff80        80   data ,g         0

*** Delete Symbols ***

SYMBOL                                SIZE    INFO
